******************************************************************************
                  TI ARM Linker PC v16.9.2                     
******************************************************************************
>> Linked Sun May 21 13:47:00 2017

OUTPUT FILE NAME:   <udp_socket.out>
ENTRY POINT SYMBOL: "_c_int00"  address: 2000c459


MEMORY CONFIGURATION

         name            origin    length      used     unused   attr    fill
----------------------  --------  ---------  --------  --------  ----  --------
  SRAM_CODE             20004000   00013000  0000967c  00009984  RW X
  SRAM_DATA             20017000   00019000  00001d67  00017299  RW X


SEGMENT ALLOCATION MAP

run origin  load origin   length   init length attrs members
----------  ----------- ---------- ----------- ----- -------
20004000    20004000    00009680   00009680    r-x
  20004000    20004000    00000400   00000400    r-- .intvecs
  20004400    20004400    00008c3c   00008c3c    r-x .text
  2000d03c    2000d03c    000005d0   000005d0    r-- .const
  2000d610    2000d610    00000070   00000070    r-- .cinit
20017000    20017000    00001568   00000000    rw-
  20017000    20017000    00000ca7   00000000    rw- .bss
  20017ca8    20017ca8    00000800   00000000    rw- .sysmem
  200184a8    200184a8    000000c0   00000000    rw- .data
2002f800    2002f800    00000800   00000000    rw-
  2002f800    2002f800    00000800   00000000    rw- .stack


SECTION ALLOCATION MAP

 output                                  attributes/
section   page    origin      length       input sections
--------  ----  ----------  ----------   ----------------
.intvecs   0    20004000    00000400     
                  20004000    00000400     startup_ccs.obj (.intvecs)

.init_array 
*          0    20004000    00000000     UNINITIALIZED

.text      0    20004400    00008c3c     
                  20004400    00001620     main.obj (.text)
                  20005a20    00001122     rtsv7M4_T_le_eabi.lib : _printfi.obj (.text)
                  20006b42    00000002     driverlib.a : interrupt.obj (.text:IntDefaultHandler)
                  20006b44    00000590     simplelink.a : driver.obj (.text:_SlDrvMsgRead)
                  200070d4    000003d0     rtsv7M4_T_le_eabi.lib : memory.obj (.text)
                  200074a4    00000398     gpio_if.obj (.text)
                  2000783c    00000280     uart_if.obj (.text)
                  20007abc    0000024c     simplelink.a : driver.obj (.text:_SlDrvRxHdrRead)
                  20007d08    000001f4     rtsv7M4_T_le_eabi.lib : ull_div_t2.obj (.text)
                  20007efc    000001e4     simplelink.a : driver.obj (.text:_SlDrvDataReadOp)
                  200080e0    000001d0                  : driver.obj (.text:_SlDrvReleasePoolObj)
                  200082b0    000001cc     udma_if.obj (.text)
                  2000847c    000001b6     rtsv7M4_T_le_eabi.lib : fd_add_t2.obj (.text)
                  20008632    00000002                           : mpu_init.obj (.text)
                  20008634    000001b4     simplelink.a : driver.obj (.text:_SlDrvDriverCBInit)
                  200087e8    0000019c                  : driver.obj (.text:_SlDrvMsgWrite)
                  20008984    00000190                  : driver.obj (.text:_SlDrvWaitForPoolObj)
                  20008b14    00000178     driverlib.a : prcm.obj (.text:PRCMCC3200MCUInit)
                  20008c8c    00000170     simplelink.a : driver.obj (.text:_SlFindAndSetActiveObj)
                  20008dfc    00000150                  : driver.obj (.text:_SlDrvDataWriteOp)
                  20008f4c    00000148                  : cc_pal.obj (.text:spi_Open)
                  20009094    00000144                  : driver.obj (.text:_SlDrvMsgReadCmdCtx)
                  200091d8    00000144                  : socket.obj (.text:sl_SendTo)
                  2000931c    0000013c                  : socket.obj (.text:sl_RecvFrom)
                  20009458    00000136     rtsv7M4_T_le_eabi.lib : fd_div_t2.obj (.text)
                  2000958e    00000002                           : startup.obj (.text)
                  20009590    00000130     simplelink.a : driver.obj (.text:_SlDrvDriverCBDeinit)
                  200096c0    00000114     rtsv7M4_T_le_eabi.lib : strtoul.obj (.text)
                  200097d4    00000104     simplelink.a : netapp.obj (.text:_SlDrvNetAppEventHandler)
                  200098d8    000000fc     rtsv7M4_T_le_eabi.lib : fd_mul_t2.obj (.text)
                  200099d4    000000f0     simplelink.a : device.obj (.text:sl_Stop)
                  20009ac4    000000f0                  : cc_pal.obj (.text:spi_Read)
                  20009bb4    000000f0     driverlib.a : udma.obj (.text:uDMAChannelTransferSet)
                  20009ca4    000000ec     simplelink.a : device.obj (.text:sl_Start)
                  20009d90    000000e8                  : driver.obj (.text:_SlAsyncEventGenericHandler)
                  20009e78    000000e8                  : driver.obj (.text:_SlDrvMsgReadSpawnCtx)
                  20009f60    000000e4                  : netapp.obj (.text:sl_NetAppMDNSRegisterUnregisterService)
                  2000a044    000000dc                  : driver.obj (.text:_SlDrvClassifyRxMsg)
                  2000a120    000000d0     rtsv7M4_T_le_eabi.lib : s_scalbn.obj (.text)
                  2000a1f0    000000cc     simplelink.a : netapp.obj (.text:_sl_HandleAsync_DnsGetHostByService)
                  2000a2bc    000000cc                  : device.obj (.text:sl_DevGet)
                  2000a388    000000c4                  : driver.obj (.text:_SlRemoveFromList)
                  2000a44c    000000c0                  : driver.obj (.text:_SlDrvCmdOp)
                  2000a50c    000000b8                  : socket.obj (.text:sl_Bind)
                  2000a5c4    000000b0                  : nonos.obj (.text:_SlNonOsSemGet)
                  2000a674    000000a8     driverlib.a : interrupt.obj (.text:IntDisable)
                  2000a71c    000000a8                 : interrupt.obj (.text:IntEnable)
                  2000a7c4    000000a4     simplelink.a : driver.obj (.text:_SlDriverHandleError)
                  2000a868    000000a0     driverlib.a : spi.obj (.text:SPIConfigSetExpClk)
                  2000a908    0000009c     rtsv7M4_T_le_eabi.lib : memcpy_t2.obj (.text)
                  2000a9a4    0000009a     simplelink.a : device.obj (.text:_SlDrvDeviceEventHandler)
                  2000aa3e    00000002     --HOLE-- [fill = 0]
                  2000aa40    00000098                  : netcfg.obj (.text:sl_NetCfgSet)
                  2000aad8    00000098                  : wlan.obj (.text:sl_WlanSet)
                  2000ab70    00000098                  : cc_pal.obj (.text:spi_Write)
                  2000ac08    00000094     driverlib.a : prcm.obj (.text:PRCMPeripheralClockGet)
                  2000ac9c    00000090     simplelink.a : netapp.obj (.text:_sl_HandleAsync_DnsGetHostByName)
                  2000ad2c    00000090                  : netapp.obj (.text:_sl_HandleAsync_PingResponse)
                  2000adbc    00000090                  : wlan.obj (.text:sl_WlanPolicySet)
                  2000ae4c    0000008c                  : cc_pal.obj (.text:SetupDMAReceive)
                  2000aed8    0000008c                  : cc_pal.obj (.text:SetupDMASend)
                  2000af64    0000008c                  : driver.obj (.text:_SlDrvIsTimeoutExpired)
                  2000aff0    0000008c                  : device.obj (.text:_sl_HandleAsync_InitComplete)
                  2000b07c    0000008c                  : socket.obj (.text:sl_Socket)
                  2000b108    00000088     driverlib.a : pin.obj (.text:PinConfigSet)
                  2000b190    00000088     rtsv7M4_T_le_eabi.lib : vsnprintf.obj (.text)
                  2000b218    00000086                           : fd_cmp_t2.obj (.text:__aeabi_cdcmple)
                  2000b29e    00000086                           : fd_cmp_t2.obj (.text:__aeabi_cdrcmple)
                  2000b324    00000084     simplelink.a : wlan.obj (.text:sl_WlanRxFilterSet)
                  2000b3a8    00000082     driverlib.a : gpio.obj (.text:GPIOIntTypeSet)
                  2000b42a    00000002     --HOLE-- [fill = 0]
                  2000b42c    00000080     simplelink.a : socket.obj (.text:_sl_HandleAsync_Connect)
                  2000b4ac    00000080                  : cc_pal.obj (.text:spi_Read_CPU)
                  2000b52c    00000080                  : cc_pal.obj (.text:spi_Write_CPU)
                  2000b5ac    0000007a     rtsv7M4_T_le_eabi.lib : memset_t2.obj (.text)
                  2000b626    00000002     --HOLE-- [fill = 0]
                  2000b628    00000078     simplelink.a : cc_pal.obj (.text:spi_Close)
                  2000b6a0    00000076     driverlib.a : uart.obj (.text:UARTConfigSetExpClk)
                  2000b716    00000002     --HOLE-- [fill = 0]
                  2000b718    00000074     simplelink.a : nonos.obj (.text:_SlNonOsMainLoopTask)
                  2000b78c    00000070     rtsv7M4_T_le_eabi.lib : autoinit.obj (.text)
                  2000b7fc    0000006c     simplelink.a : driver.obj (.text:_SlDrvCmdSend)
                  2000b868    0000006c                  : netapp.obj (.text:_sl_NetAppSendTokenValue)
                  2000b8d4    00000068     rtsv7M4_T_le_eabi.lib : copy_decompress_lzss.obj (.text:decompress:lzss)
                  2000b93c    00000064     simplelink.a : nonos.obj (.text:_SlNonOsSpawn)
                  2000b9a0    00000064                  : socket.obj (.text:_sl_HandleAsync_Accept)
                  2000ba04    00000064                  : netapp.obj (.text:sl_NetAppMDNSUnRegisterService)
                  2000ba68    00000064     driverlib.a : udma.obj (.text:uDMAChannelAttributeDisable)
                  2000bacc    00000064                 : udma.obj (.text:uDMAChannelAttributeEnable)
                  2000bb30    00000060     simplelink.a : socket.obj (.text:sl_Close)
                  2000bb90    00000060                  : wlan.obj (.text:sl_WlanProfileDel)
                  2000bbf0    00000060                  : wlan.obj (.text:sl_WlanSetMode)
                  2000bc50    0000005c     rtsv7M4_T_le_eabi.lib : s_frexp.obj (.text)
                  2000bcac    00000058     driverlib.a : interrupt.obj (.text:IntPendClear)
                  2000bd04    00000058                 : prcm.obj (.text:PRCMPeripheralReset)
                  2000bd5c    00000054                 : interrupt.obj (.text:IntPrioritySet)
                  2000bdb0    00000054     simplelink.a : driver.obj (.text:_SlDrvRxIrqHandler)
                  2000be04    00000054                  : socket.obj (.text:_sl_HandleAsync_Select)
                  2000be58    00000054     rtsv7M4_T_le_eabi.lib : exit.obj (.text)
                  2000beac    00000054                           : ltoa.obj (.text)
                  2000bf00    00000050     simplelink.a : device.obj (.text:_sl_HandleAsync_Stop)
                  2000bf50    0000004c     driverlib.a : spi.obj (.text:SPIIntEnable)
                  2000bf9c    0000004c                 : spi.obj (.text:SPIIntNumberGet)
                  2000bfe8    0000004c     simplelink.a : driver.obj (.text:_SlDrvProtectAsyncRespSetting)
                  2000c034    0000004c                  : socket.obj (.text:_sl_BuildAddress)
                  2000c080    0000004c     rtsv7M4_T_le_eabi.lib : atoi.obj (.text)
                  2000c0cc    0000004c                           : cpy_tbl.obj (.text)
                  2000c118    0000004c     driverlib.a : udma.obj (.text:uDMAChannelAssign)
                  2000c164    00000048                 : gpio.obj (.text:GPIOGetIntNumber)
                  2000c1ac    00000048                 : spi.obj (.text:SPIIntClear)
                  2000c1f4    00000048     simplelink.a : driver.obj (.text:_SlDrvBasicCmd)
                  2000c23c    00000048     rtsv7M4_T_le_eabi.lib : fd_toi_t2.obj (.text)
                  2000c284    00000044     driverlib.a : spi.obj (.text:SPIDmaMaskGet)
                  2000c2c8    00000044                 : timer.obj (.text:TimerConfigure)
                  2000c30c    00000044     simplelink.a : driver.obj (.text:_SlDrvSyncObjWaitTimeout)
                  2000c350    00000044                  : cc_pal.obj (.text:cc_SetupTransfer)
                  2000c394    00000042                  : socket.obj (.text:sl_Htonl)
                  2000c3d6    00000002     --HOLE-- [fill = 0]
                  2000c3d8    00000040     driverlib.a : pin.obj (.text:PinModeSet)
                  2000c418    00000040     simplelink.a : socket.obj (.text:_sl_TruncatePayloadByProtocol)
                  2000c458    00000040     rtsv7M4_T_le_eabi.lib : boot.obj (.text)
                  2000c498    00000040                           : strtok.obj (.text)
                  2000c4d8    0000003e     simplelink.a : cc_pal.obj (.text:NwpRegisterInterruptHandler)
                  2000c516    0000003c                  : netapp.obj (.text:CopyPingResultsToReport)
                  2000c552    00000002     --HOLE-- [fill = 0]
                  2000c554    0000003c     driverlib.a : prcm.obj (.text:PRCMPeripheralClkEnable)
                  2000c590    0000003c     simplelink.a : cc_pal.obj (.text:simplelink_timerA2_start)
                  2000c5cc    0000003c                  : socket.obj (.text:sl_Htons)
                  2000c608    0000003c     driverlib.a : udma.obj (.text:uDMAChannelControlSet)
                  2000c644    00000038     simplelink.a : cc_pal.obj (.text:NwpPowerOff)
                  2000c67c    00000038                  : wlan.obj (.text:sl_WlanDisconnect)
                  2000c6b4    00000036     driverlib.a : gpio.obj (.text:GPIODirModeSet)
                  2000c6ea    00000002     --HOLE-- [fill = 0]
                  2000c6ec    00000034                 : prcm.obj (.text:PRCMPeripheralStatusGet)
                  2000c720    00000034                 : spi.obj (.text:SPIFIFOLevelSet)
                  2000c754    00000030                 : pin.obj (.text:PinTypeGPIO)
                  2000c784    00000030                 : uart.obj (.text:UARTDisable)
                  2000c7b4    0000002e     rtsv7M4_T_le_eabi.lib : i_tofd_t2.obj (.text)
                  2000c7e2    00000002     --HOLE-- [fill = 0]
                  2000c7e4    0000002c     simplelink.a : cc_pal.obj (.text:NwpPowerOn)
                  2000c810    0000002c     driverlib.a : prcm.obj (.text:PRCMSysResetCauseGet)
                  2000c83c    0000002c     simplelink.a : driver.obj (.text:_SlDrvObjGlobalLockWaitForever)
                  2000c868    0000002c                  : driver.obj (.text:_SlDrvProtectionObjLockWaitForever)
                  2000c894    0000002a     driverlib.a : timer.obj (.text:TimerLoadSet)
                  2000c8be    0000002a                 : timer.obj (.text:TimerPrescaleSet)
                  2000c8e8    0000002a     rtsv7M4_T_le_eabi.lib : strspn.obj (.text)
                  2000c912    00000002     --HOLE-- [fill = 0]
                  2000c914    00000028     driverlib.a : prcm.obj (.text:PRCMPeripheralClkDisable)
                  2000c93c    00000028     simplelink.a : driver.obj (.text:_SlDrvGlobalObjUnLock)
                  2000c964    00000028                  : driver.obj (.text:_SlDrvProtectionObjUnLock)
                  2000c98c    00000028                  : driver.obj (.text:_SlDrvSyncObjWaitForever)
                  2000c9b4    00000026                  : driver.obj (.text:_SlDrvObjLockWaitForever)
                  2000c9da    00000002     --HOLE-- [fill = 0]
                  2000c9dc    00000024                  : cc_pal.obj (.text:DmaSpiSwIntHandler)
                  2000ca00    00000024     driverlib.a : interrupt.obj (.text:IntUnregister)
                  2000ca24    00000024                 : uart.obj (.text:UARTEnable)
                  2000ca48    00000024     rtsv7M4_T_le_eabi.lib : memmov.obj (.text)
                  2000ca6c    00000024                           : strcspn.obj (.text)
                  2000ca90    00000022     driverlib.a : spi.obj (.text:SPIReset)
                  2000cab2    00000022                 : spi.obj (.text:SPIWordCountSet)
                  2000cad4    00000020                 : gpio.obj (.text:GPIOPinWrite)
                  2000caf4    00000020                 : interrupt.obj (.text:IntRegister)
                  2000cb14    00000020     simplelink.a : cc_pal.obj (.text:NwpPrePowerOffTimout0)
                  2000cb34    00000020                  : cc_pal.obj (.text:TimerGetCurrentTimestamp)
                  2000cb54    00000020                  : driver.obj (.text:_SlDrvObjUnLock)
                  2000cb74    00000020                  : driver.obj (.text:_SlDrvSyncObjSignal)
                  2000cb94    0000001e     driverlib.a : gpio.obj (.text:GPIOIntRegister)
                  2000cbb2    0000001e                 : timer.obj (.text:TimerEnable)
                  2000cbd0    0000001e                 : uart.obj (.text:UARTCharPut)
                  2000cbee    0000001e     simplelink.a : cc_pal.obj (.text:cc_UDMAChannelSelect)
                  2000cc0c    0000001c     driverlib.a : timer.obj (.text:TimerValueGet)
                  2000cc28    0000001c                 : uart.obj (.text:UARTCharGetNonBlocking)
                  2000cc44    0000001c     simplelink.a : driver.obj (.text:_SlDrvStartMeasureTimeout)
                  2000cc60    0000001c     pinmux.obj (.text)
                  2000cc7c    0000001c     rtsv7M4_T_le_eabi.lib : memccpy.obj (.text)
                  2000cc98    0000001c     driverlib.a : udma.obj (.text:uDMAChannelDisable)
                  2000ccb4    0000001c                 : udma.obj (.text:uDMAChannelEnable)
                  2000ccd0    0000001c                 : udma.obj (.text:uDMAChannelRequest)
                  2000ccec    0000001a                 : gpio.obj (.text:GPIOIntEnable)
                  2000cd06    0000001a                 : pin.obj (.text:PinTypeUART)
                  2000cd20    0000001a                 : spi.obj (.text:SPIDmaDisable)
                  2000cd3a    0000001a                 : spi.obj (.text:SPIDmaEnable)
                  2000cd54    0000001a                 : spi.obj (.text:SPIFIFODisable)
                  2000cd6e    0000001a                 : spi.obj (.text:SPIFIFOEnable)
                  2000cd88    0000001a                 : spi.obj (.text:SPIIntUnregister)
                  2000cda2    00000018                 : gpio.obj (.text:GPIOPinRead)
                  2000cdba    00000018                 : spi.obj (.text:SPICSDisable)
                  2000cdd2    00000018                 : spi.obj (.text:SPICSEnable)
                  2000cdea    00000018                 : spi.obj (.text:SPIDisable)
                  2000ce02    00000018                 : spi.obj (.text:SPIEnable)
                  2000ce1a    00000018                 : uart.obj (.text:UARTCharsAvail)
                  2000ce32    00000018     simplelink.a : nonos.obj (.text:_SlNonOsSemSet)
                  2000ce4a    00000002     --HOLE-- [fill = 0]
                  2000ce4c    00000018                  : device.obj (.text:_sl_GetStartResponseConvert)
                  2000ce64    00000018     rtsv7M4_T_le_eabi.lib : args_main.obj (.text)
                  2000ce7c    00000016     driverlib.a : prcm.obj (.text:PRCMHIBRegRead)
                  2000ce92    00000016                 : prcm.obj (.text:PRCMHIBRegWrite)
                  2000cea8    00000016                 : uart.obj (.text:UARTCharGet)
                  2000cebe    00000016     simplelink.a : driver.obj (.text:_SlDrvMemZero)
                  2000ced4    00000016     rtsv7M4_T_le_eabi.lib : strchr.obj (.text)
                  2000ceea    00000016     driverlib.a : udma.obj (.text:uDMAIntRegister)
                  2000cf00    00000014                 : cpu.obj (.text:CPUcpsie)
                  2000cf14    00000014                 : gpio.obj (.text:GPIOIntClear)
                  2000cf28    00000014                 : interrupt.obj (.text:IntVTableBaseSet)
                  2000cf3c    00000014     rtsv7M4_T_le_eabi.lib : _lock.obj (.text)
                  2000cf50    00000014                           : strlen.obj (.text)
                  2000cf64    00000014     driverlib.a : udma.obj (.text:uDMAControlBaseSet)
                  2000cf78    00000014                 : udma.obj (.text:uDMAIntClear)
                  2000cf8c    00000012                 : udma.obj (.text:uDMAIntUnregister)
                  2000cf9e    00000010     simplelink.a : driver.obj (.text:_SlDrvDispatchHttpServerEvents)
                  2000cfae    0000000e                  : driver.obj (.text:_SlDrvResetCmdExt)
                  2000cfbc    0000000e     rtsv7M4_T_le_eabi.lib : copy_decompress_none.obj (.text:decompress:none)
                  2000cfca    0000000e     startup_ccs.obj (.text)
                  2000cfd8    0000000c     simplelink.a : cc_pal.obj (.text:NwpMaskInterrupt)
                  2000cfe4    0000000c                  : cc_pal.obj (.text:NwpUnMaskInterrupt)
                  2000cff0    0000000c     rtsv7M4_T_le_eabi.lib : copy_zero_init.obj (.text:decompress:ZI)
                  2000cffc    0000000c     driverlib.a : udma.obj (.text:uDMADisable)
                  2000d008    0000000c                 : udma.obj (.text:uDMAEnable)
                  2000d014    0000000c                 : udma.obj (.text:uDMAIntStatus)
                  2000d020    0000000a                 : interrupt.obj (.text:IntMasterEnable)
                  2000d02a    00000008     rtsv7M4_T_le_eabi.lib : s_copysign.obj (.text)
                  2000d032    00000006     driverlib.a : utils.obj (.text:UtilsDelay)
                  2000d038    00000004     rtsv7M4_T_le_eabi.lib : pre_init.obj (.text)

.const     0    2000d03c    000005d0     
                  2000d03c    00000101     rtsv7M4_T_le_eabi.lib : ctype.obj (.const:.string:_ctypes_)
                  2000d13d    00000002     main.obj (.const:.string:g_aucButGPIONumReg)
                  2000d13f    00000001     --HOLE-- [fill = 0]
                  2000d140    00000100     driverlib.a : pin.obj (.const:g_ulPinToPadMap)
                  2000d240    000000d4                 : interrupt.obj (.const:g_pulRegs)
                  2000d314    000000a8                 : prcm.obj (.const:PRCM_PeriphRegsList)
                  2000d3bc    0000003c     simplelink.a : driver.obj (.const:OpcodeTranslateTable)
                  2000d3f8    00000038                  : driver.obj (.const:_SlActionLookupTable)
                  2000d430    0000002c     main.obj (.const:$P$T1$2)
                  2000d45c    00000024     driverlib.a : spi.obj (.const:g_ppulSPIIntMap)
                  2000d480    00000022     main.obj (.const:.string:$P$T0$1)
                  2000d4a2    00000002     main.obj (.const:.string:g_aucLedGPIONumReg)
                  2000d4a4    00000020     simplelink.a : driver.obj (.const:RxMsgClassLUT)
                  2000d4c4    00000018     driverlib.a : interrupt.obj (.const:g_pulDisRegs)
                  2000d4dc    00000018                 : interrupt.obj (.const:g_pulEnRegs)
                  2000d4f4    00000018                 : interrupt.obj (.const:g_pulUnpendRegs)
                  2000d50c    00000018                 : spi.obj (.const:g_ulSPIDmaMaskMap)
                  2000d524    00000014     simplelink.a : driver.obj (.const:$P$T0$1)
                  2000d538    00000014                  : nonos.obj (.const:$P$T0$1)
                  2000d54c    00000014     main.obj (.const:$P$T2$3)
                  2000d560    00000014     main.obj (.const:g_aulPRCMArr)
                  2000d574    00000010     simplelink.a : socket.obj (.const:.string:_SlPayloadByProtocolLUT)
                  2000d584    0000000d     main.obj (.const:.string:$P$T4$5)
                  2000d591    0000000d     main.obj (.const:.string:$P$T5$6)
                  2000d59e    0000000a     main.obj (.const:.string:$P$T3$4)
                  2000d5a8    00000008     simplelink.a : device.obj (.const:StartResponseLUT)
                  2000d5b0    00000008                  : driver.obj (.const:g_H2NCnysPattern)
                  2000d5b8    00000008                  : driver.obj (.const:g_H2NSyncPattern)
                  2000d5c0    00000008     main.obj (.const:g_aulButPinReg)
                  2000d5c8    00000008     main.obj (.const:g_aulLedPinReg)
                  2000d5d0    00000004     simplelink.a : socket.obj (.const:$P$T0$1)
                  2000d5d4    00000004                  : socket.obj (.const:$P$T1$2)
                  2000d5d8    00000004                  : device.obj (.const:_SlDeviceGetCmdCtrl)
                  2000d5dc    00000004                  : netapp.obj (.const:_SlNetAppSendTokenValueCmdCtrl)
                  2000d5e0    00000004                  : netcfg.obj (.const:_SlNetCfgSetCmdCtrl)
                  2000d5e4    00000004                  : wlan.obj (.const:_SlPolicySetCmdCtrl)
                  2000d5e8    00000004                  : wlan.obj (.const:_SlProfileDelCmdCtrl)
                  2000d5ec    00000004                  : socket.obj (.const:_SlRecvfomCmdCtrl)
                  2000d5f0    00000004                  : netapp.obj (.const:_SlRegisterServiceCtrl)
                  2000d5f4    00000004                  : wlan.obj (.const:_SlRxFilterSetCmdCtrl)
                  2000d5f8    00000004                  : socket.obj (.const:_SlSockCloseCmdCtrl)
                  2000d5fc    00000004                  : socket.obj (.const:_SlSockSocketCmdCtrl)
                  2000d600    00000004                  : device.obj (.const:_SlStopCmdCtrl)
                  2000d604    00000004                  : wlan.obj (.const:_SlWlanCfgSetCmdCtrl)
                  2000d608    00000004                  : wlan.obj (.const:_SlWlanSetModeCmdCtrl)

.cinit     0    2000d610    00000070     
                  2000d610    00000048     (.cinit..data.load) [load image, compression = lzss]
                  2000d658    0000000c     (__TI_handler_table)
                  2000d664    00000004     --HOLE-- [fill = 0]
                  2000d668    00000008     (.cinit..bss.load) [load image, compression = zero_init]
                  2000d670    00000010     (__TI_cinit_table)

.bss       0    20017000    00000ca7     UNINITIALIZED
                  20017000    00000578     (.common:g_cBsdBuf)
                  20017578    00000168     simplelink.a : driver.obj (.bss:g_StatMem)
                  200176e0    00000100     (.common:gfpAppCallbackHndl)
                  200177e0    00000020     (.common:g_ButMgr_t)
                  20017800    00000400     (.common:gpCtlTbl)
                  20017c00    00000050     (.common:g_ucDinDout)
                  20017c50    00000024     (.common:g_ucConnectionSSID)
                  20017c74    00000020     (.common:g_ledMgr_t)
                  20017c94    00000008     (.common:g_ucConnectionBSSID)
                  20017c9c    00000004     uart_if.obj (.bss)
                  20017ca0    00000001     (.common:RxIrqCnt)
                  20017ca1    00000001     (.common:g_bDeviceRestartIsRequired)
                  20017ca2    00000001     (.common:g_cDummy)
                  20017ca3    00000001     (.common:g_ucLED1Pin)
                  20017ca4    00000001     (.common:g_ucLED2Pin)
                  20017ca5    00000001     (.common:g_ucLED3Pin)
                  20017ca6    00000001     (.common:iDone)

.sysmem    0    20017ca8    00000800     UNINITIALIZED
                  20017ca8    00000008     rtsv7M4_T_le_eabi.lib : memory.obj (.sysmem)
                  20017cb0    000007f8     --HOLE--

.data      0    200184a8    000000c0     UNINITIALIZED
                  200184a8    0000003c     simplelink.a : nonos.obj (.data:g__SlNonOsCB)
                  200184e4    0000001c     main.obj (.data)
                  20018500    00000014     gpio_if.obj (.data:ulReg)
                  20018514    0000000d     simplelink.a : driver.obj (.data)
                  20018521    00000003     --HOLE--
                  20018524    0000000c     rtsv7M4_T_le_eabi.lib : exit.obj (.data:$O1$$)
                  20018530    0000000c                           : memory.obj (.data:$O1$$)
                  2001853c    0000000c     gpio_if.obj (.data)
                  20018548    00000009     simplelink.a : cc_pal.obj (.data)
                  20018551    00000003     --HOLE--
                  20018554    00000008     rtsv7M4_T_le_eabi.lib : _lock.obj (.data:$O1$$)
                  2001855c    00000004                           : errno.obj (.data)
                  20018560    00000004                           : stkdepth_vars.obj (.data)
                  20018564    00000004                           : strtok.obj (.data)

.stack     0    2002f800    00000800     UNINITIALIZED
                  2002f800    00000800     --HOLE--

MODULE SUMMARY

       Module                     code    ro data   rw data
       ------                     ----    -------   -------
    .\
       main.obj                   5664    174       1536   
       udma_if.obj                460     0         1281   
       startup_ccs.obj            14      1024      0      
       gpio_if.obj                920     0         35     
       uart_if.obj                640     0         4      
       pinmux.obj                 28      0         0      
    +--+--------------------------+-------+---------+---------+
       Total:                     7726    1198      2856   
                                                           
    C:/ti/CC3200SDK_1.3.0/cc3200-sdk/driverlib/ccs/Release/driverlib.a
       prcm.obj                   852     168       0      
       interrupt.obj              608     284       0      
       spi.obj                    798     60        0      
       udma.obj                   776     0         0      
       pin.obj                    274     256       0      
       gpio.obj                   388     0         0      
       uart.obj                   306     0         0      
       timer.obj                  210     0         0      
       cpu.obj                    20      0         0      
       utils.obj                  6       0         0      
    +--+--------------------------+-------+---------+---------+
       Total:                     4238    768       0      
                                                           
    C:/ti/CC3200SDK_1.3.0/cc3200-sdk/simplelink/ccs/NON_OS/simplelink.a
       driver.obj                 7714    184       375    
       cc_pal.obj                 1820    0         90     
       socket.obj                 1638    36        0      
       netapp.obj                 1248    8         0      
       device.obj                 1078    16        0      
       wlan.obj                   676     20        0      
       nonos.obj                  416     20        60     
       netcfg.obj                 152     4         0      
    +--+--------------------------+-------+---------+---------+
       Total:                     14742   288       525    
                                                           
    C:\ti\ccsv7\tools\compiler\ti-cgt-arm_16.9.2.LTS\lib\rtsv7M4_T_le_eabi.lib
       _printfi.obj               4386    0         0      
       memory.obj                 976     0         12     
       ull_div_t2.obj             500     0         0      
       fd_add_t2.obj              438     0         0      
       fd_div_t2.obj              310     0         0      
       strtoul.obj                276     0         0      
       fd_cmp_t2.obj              268     0         0      
       ctype.obj                  0       257       0      
       fd_mul_t2.obj              252     0         0      
       s_scalbn.obj               208     0         0      
       memcpy_t2.obj              156     0         0      
       vsnprintf.obj              136     0         0      
       memset_t2.obj              122     0         0      
       autoinit.obj               112     0         0      
       copy_decompress_lzss.obj   104     0         0      
       exit.obj                   84      0         12     
       s_frexp.obj                92      0         0      
       ltoa.obj                   84      0         0      
       atoi.obj                   76      0         0      
       cpy_tbl.obj                76      0         0      
       fd_toi_t2.obj              72      0         0      
       strtok.obj                 64      0         4      
       boot.obj                   64      0         0      
       i_tofd_t2.obj              46      0         0      
       strspn.obj                 42      0         0      
       memmov.obj                 36      0         0      
       strcspn.obj                36      0         0      
       _lock.obj                  20      0         8      
       memccpy.obj                28      0         0      
       args_main.obj              24      0         0      
       strchr.obj                 22      0         0      
       strlen.obj                 20      0         0      
       copy_decompress_none.obj   14      0         0      
       copy_zero_init.obj         12      0         0      
       s_copysign.obj             8       0         0      
       errno.obj                  0       0         4      
       pre_init.obj               4       0         0      
       stkdepth_vars.obj          0       0         4      
       mpu_init.obj               2       0         0      
       startup.obj                2       0         0      
    +--+--------------------------+-------+---------+---------+
       Total:                     9172    257       44     
                                                           
       Heap:                      0       0         2048   
       Stack:                     0       0         2048   
       Linker Generated:          0       108       0      
    +--+--------------------------+-------+---------+---------+
       Grand Total:               35878   2619      7521   


LINKER GENERATED COPY TABLES

__TI_cinit_table @ 2000d670 records: 2, size/record: 8, table size: 16
	.data: load addr=2000d610, load size=00000048 bytes, run addr=200184a8, run size=000000c0 bytes, compression=lzss
	.bss: load addr=2000d668, load size=00000008 bytes, run addr=20017000, run size=00000ca7 bytes, compression=zero_init


LINKER GENERATED HANDLER TABLE

__TI_handler_table @ 2000d658 records: 3, size/record: 4, table size: 12
	index: 0, handler: __TI_decompress_lzss
	index: 1, handler: __TI_decompress_none
	index: 2, handler: __TI_zero_init


GLOBAL SYMBOLS: SORTED ALPHABETICALLY BY Name 

address   name                                  
-------   ----                                  
20005181  BsdUdpClient                          
2000529d  BsdUdpServer                          
2000be59  C$$EXIT                               
2000cf01  CPUcpsie                              
2000787d  ClearTerm                             
200082c7  DmaErrorIntHandler                    
2000c9dd  DmaSpiSwIntHandler                    
200082b1  DmaSwIntHandler                       
20007887  Error                                 
2000c6b5  GPIODirModeSet                        
2000cf15  GPIOIntClear                          
2000cced  GPIOIntEnable                         
2000cb95  GPIOIntRegister                       
2000b3a9  GPIOIntTypeSet                        
2000cda3  GPIOPinRead                           
2000cad5  GPIOPinWrite                          
20007765  GPIO_IF_ConfigureNIntEnable           
200077f1  GPIO_IF_Get                           
2000771f  GPIO_IF_GetPortNPin                   
200074e1  GPIO_IF_LedConfigure                  
200075d3  GPIO_IF_LedOff                        
2000751f  GPIO_IF_LedOn                         
20007687  GPIO_IF_LedStatus                     
200076f1  GPIO_IF_LedToggle                     
200077ad  GPIO_IF_Set                           
200078bf  GetCmd                                
2000783d  InitTerm                              
2000a675  IntDisable                            
2000a71d  IntEnable                             
2000d021  IntMasterEnable                       
2000bcad  IntPendClear                          
2000bd5d  IntPrioritySet                        
2000caf5  IntRegister                           
2000ca01  IntUnregister                         
2000cf29  IntVTableBaseSet                      
20004b59  IpAddressParser                       
2000785b  Message                               
2000cfd9  NwpMaskInterrupt                      
2000c645  NwpPowerOff                           
2000c7e5  NwpPowerOn                            
2000cb15  NwpPrePowerOffTimout0                 
2000c4d9  NwpRegisterInterruptHandler           
2000cfe5  NwpUnMaskInterrupt                    
2000d3bc  OpcodeTranslateTable                  
20008b15  PRCMCC3200MCUInit                     
2000ce7d  PRCMHIBRegRead                        
2000ce93  PRCMHIBRegWrite                       
2000c915  PRCMPeripheralClkDisable              
2000c555  PRCMPeripheralClkEnable               
2000ac09  PRCMPeripheralClockGet                
2000bd05  PRCMPeripheralReset                   
2000c6ed  PRCMPeripheralStatusGet               
2000c811  PRCMSysResetCauseGet                  
2000b109  PinConfigSet                          
2000c3d9  PinModeSet                            
2000cc61  PinMuxConfig                          
2000c755  PinTypeGPIO                           
2000cd07  PinTypeUART                           
200079fd  Report                                
2000cfcb  ResetISR                              
20017ca0  RxIrqCnt                              
UNDEFED   SHT$$INIT_ARRAY$$Base                 
UNDEFED   SHT$$INIT_ARRAY$$Limit                
2000cdbb  SPICSDisable                          
2000cdd3  SPICSEnable                           
2000a869  SPIConfigSetExpClk                    
2000cdeb  SPIDisable                            
2000cd21  SPIDmaDisable                         
2000cd3b  SPIDmaEnable                          
2000ce03  SPIEnable                             
2000cd55  SPIFIFODisable                        
2000cd6f  SPIFIFOEnable                         
2000c721  SPIFIFOLevelSet                       
2000c1ad  SPIIntClear                           
2000bf51  SPIIntEnable                          
2000cd89  SPIIntUnregister                      
2000ca91  SPIReset                              
2000cab3  SPIWordCountSet                       
200045dd  SimpleLinkGeneralEventHandler         
200045bd  SimpleLinkHttpServerCallback          
2000450f  SimpleLinkNetAppEventHandler          
200045f7  SimpleLinkSockEventHandler            
20004401  SimpleLinkWlanEventHandler            
2000c2c9  TimerConfigure                        
2000cbb3  TimerEnable                           
2000cb35  TimerGetCurrentTimestamp              
2000c895  TimerLoadSet                          
2000c8bf  TimerPrescaleSet                      
2000cc0d  TimerValueGet                         
20007965  TrimSpace                             
2000cea9  UARTCharGet                           
2000cc29  UARTCharGetNonBlocking                
2000cbd1  UARTCharPut                           
2000ce1b  UARTCharsAvail                        
2000b6a1  UARTConfigSetExpClk                   
2000c785  UARTDisable                           
2000ca25  UARTEnable                            
2000833b  UDMAChannelSelect                     
2000840f  UDMADeInit                            
200082d3  UDMAInit                              
20008369  UDMASetupAutoMemTransfer              
2000839d  UDMASetupPingPongTransfer             
20008423  UDMASetupTransfer                     
200083f7  UDMAStartTransfer                     
20008403  UDMAStopTransfer                      
20004c41  UserInput                             
2000d033  UtilsDelay                            
2000d3f8  _SlActionLookupTable                  
2000a7c5  _SlDriverHandleError                  
2000c1f5  _SlDrvBasicCmd                        
2000a44d  _SlDrvCmdOp                           
2000b7fd  _SlDrvCmdSend                         
20007efd  _SlDrvDataReadOp                      
20008dfd  _SlDrvDataWriteOp                     
2000a9a5  _SlDrvDeviceEventHandler              
2000cf9f  _SlDrvDispatchHttpServerEvents        
20009591  _SlDrvDriverCBDeinit                  
20008635  _SlDrvDriverCBInit                    
2000c93d  _SlDrvGlobalObjUnLock                 
2000af65  _SlDrvIsTimeoutExpired                
2000cebf  _SlDrvMemZero                         
20009e79  _SlDrvMsgReadSpawnCtx                 
200097d5  _SlDrvNetAppEventHandler              
2000c9b5  _SlDrvObjLockWaitForever              
2000cb55  _SlDrvObjUnLock                       
2000bfe9  _SlDrvProtectAsyncRespSetting         
2000c869  _SlDrvProtectionObjLockWaitForever    
2000c965  _SlDrvProtectionObjUnLock             
200080e1  _SlDrvReleasePoolObj                  
2000cfaf  _SlDrvResetCmdExt                     
2000bdb1  _SlDrvRxIrqHandler                    
2000cc45  _SlDrvStartMeasureTimeout             
2000cb75  _SlDrvSyncObjSignal                   
2000c98d  _SlDrvSyncObjWaitForever              
2000c30d  _SlDrvSyncObjWaitTimeout              
20008985  _SlDrvWaitForPoolObj                  
2000d5dc  _SlNetAppSendTokenValueCmdCtrl        
2000b719  _SlNonOsMainLoopTask                  
2000a5c5  _SlNonOsSemGet                        
2000ce33  _SlNonOsSemSet                        
2000b93d  _SlNonOsSpawn                         
20030000  __STACK_END                           
00000800  __STACK_SIZE                          
00000800  __SYSMEM_SIZE                         
2000d670  __TI_CINIT_Base                       
2000d680  __TI_CINIT_Limit                      
2000d658  __TI_Handler_Table_Base               
2000d664  __TI_Handler_Table_Limit              
2000b78d  __TI_auto_init                        
20018524  __TI_cleanup_ptr                      
2000b8d5  __TI_decompress_lzss                  
2000cfbd  __TI_decompress_none                  
20018528  __TI_dtors_ptr                        
2001852c  __TI_enable_exit_profile_output       
ffffffff  __TI_pprof_out_hndl                   
20006259  __TI_printfi                          
ffffffff  __TI_prof_data_size                   
ffffffff  __TI_prof_data_start                  
2000d610  __TI_static_base__                    
2000cff1  __TI_zero_init                        
2000b219  __aeabi_cdcmpeq                       
2000b219  __aeabi_cdcmple                       
2000b29f  __aeabi_cdrcmple                      
2000c23d  __aeabi_d2iz                          
20008487  __aeabi_dadd                          
20009459  __aeabi_ddiv                          
200098d9  __aeabi_dmul                          
2000847d  __aeabi_dsub                          
2000c7b5  __aeabi_i2d                           
2000b5ad  __aeabi_memclr                        
2000b5ad  __aeabi_memclr4                       
2000b5ad  __aeabi_memclr8                       
2000a909  __aeabi_memcpy                        
2000a909  __aeabi_memcpy4                       
2000a909  __aeabi_memcpy8                       
2000b5af  __aeabi_memset                        
2000b5af  __aeabi_memset4                       
2000b5af  __aeabi_memset8                       
20007d09  __aeabi_uldivmod                      
ffffffff  __binit__                             
ffffffff  __c_args__                            
20008633  __mpu_init                            
2002f800  __stack                               
2000ce65  _args_main                            
2000c459  _c_int00                              
2000d03c  _ctypes_                              
20018554  _lock                                 
2000cf4b  _nop                                  
2000cf43  _register_lock                        
2000cf3d  _register_unlock                      
2000b9a1  _sl_HandleAsync_Accept                
2000b42d  _sl_HandleAsync_Connect               
2000ac9d  _sl_HandleAsync_DnsGetHostByName      
2000a1f1  _sl_HandleAsync_DnsGetHostByService   
2000aff1  _sl_HandleAsync_InitComplete          
2000ad2d  _sl_HandleAsync_PingResponse          
2000be05  _sl_HandleAsync_Select                
2000bf01  _sl_HandleAsync_Stop                  
2000b869  _sl_NetAppSendTokenValue              
20017ca8  _sys_memory                           
2000958f  _system_post_cinit                    
2000d039  _system_pre_init                      
20018558  _unlock                               
2000be5d  abort                                 
2000c081  atoi                                  
ffffffff  binit                                 
20007475  calloc                                
2000c0cd  copy_in                               
2000d02b  copysign                              
2000d02b  copysignl                             
2001855c  errno                                 
2000be65  exit                                  
200071bf  free                                  
2000bc51  frexp                                 
2000bc51  frexpl                                
200177e0  g_ButMgr_t                            
20018514  g_SlDeviceStatus                      
20018548  g_SpiFd                               
200184a8  g__SlNonOsCB                          
20017ca1  g_bDeviceRestartIsRequired            
20017000  g_cBsdBuf                             
20017ca2  g_cDummy                              
20017c74  g_ledMgr_t                            
20018518  g_pCB                                 
2001854c  g_pHostIntHdl                         
20004000  g_pfnVectors                          
20017c94  g_ucConnectionBSSID                   
20017c50  g_ucConnectionSSID                    
20018550  g_ucDMAEnabled                        
20017c00  g_ucDinDout                           
20017ca3  g_ucLED1Pin                           
20017ca4  g_ucLED2Pin                           
20017ca5  g_ucLED3Pin                           
200184f8  g_ucSimplelinkstarted                 
2001853c  g_uiLED1Port                          
20018540  g_uiLED2Port                          
20018544  g_uiLED3Port                          
200184f0  g_uiPortNum                           
200184ec  g_ulDestinationIp                     
200184e8  g_ulGatewayIP                         
200184fc  g_ulIpAddr                            
200184f4  g_ulPacketCount                       
200184e4  g_ulStatus                            
200176e0  gfpAppCallbackHndl                    
20017800  gpCtlTbl                              
20017ca6  iDone                                 
2000a121  ldexp                                 
2000a121  ldexpl                                
2000bead  ltoa                                  
200054f1  main                                  
20018560  main_func_sp                          
20007155  malloc                                
20007389  memalign                              
2000cc7d  memccpy                               
2000a909  memcpy                                
2000ca49  memmove                               
2000b5b5  memset                                
200070d5  minit                                 
2001851c  pPingCallBackFunc                     
20007281  realloc                               
2000a121  scalbn                                
2000a121  scalbnl                               
2000c591  simplelink_timerA2_start              
2000a50d  sl_Bind                               
2000bb31  sl_Close                              
2000a2bd  sl_DevGet                             
2000c395  sl_Htonl                              
2000c5cd  sl_Htons                              
20009f61  sl_NetAppMDNSRegisterUnregisterService
2000ba05  sl_NetAppMDNSUnRegisterService        
2000aa41  sl_NetCfgSet                          
2000931d  sl_RecvFrom                           
200091d9  sl_SendTo                             
2000b07d  sl_Socket                             
20009ca5  sl_Start                              
200099d5  sl_Stop                               
2000c67d  sl_WlanDisconnect                     
2000adbd  sl_WlanPolicySet                      
2000bb91  sl_WlanProfileDel                     
2000b325  sl_WlanRxFilterSet                    
2000aad9  sl_WlanSet                            
2000bbf1  sl_WlanSetMode                        
2000b629  spi_Close                             
20008f4d  spi_Open                              
20009ac5  spi_Read                              
2000ab71  spi_Write                             
2000ced5  strchr                                
2000ca6d  strcspn                               
2000cf51  strlen                                
2000c8e9  strspn                                
2000c499  strtok                                
200096c1  strtoul                               
2000c119  uDMAChannelAssign                     
2000ba69  uDMAChannelAttributeDisable           
2000bacd  uDMAChannelAttributeEnable            
2000c609  uDMAChannelControlSet                 
2000cc99  uDMAChannelDisable                    
2000ccb5  uDMAChannelEnable                     
2000ccd1  uDMAChannelRequest                    
20009bb5  uDMAChannelTransferSet                
2000cf65  uDMAControlBaseSet                    
2000cffd  uDMADisable                           
2000d009  uDMAEnable                            
2000cf79  uDMAIntClear                          
2000ceeb  uDMAIntRegister                       
2000d015  uDMAIntStatus                         
2000cf8d  uDMAIntUnregister                     
2000b191  vsnprintf                             


GLOBAL SYMBOLS: SORTED BY Symbol Address 

address   name                                  
-------   ----                                  
00000800  __STACK_SIZE                          
00000800  __SYSMEM_SIZE                         
20004000  g_pfnVectors                          
20004401  SimpleLinkWlanEventHandler            
2000450f  SimpleLinkNetAppEventHandler          
200045bd  SimpleLinkHttpServerCallback          
200045dd  SimpleLinkGeneralEventHandler         
200045f7  SimpleLinkSockEventHandler            
20004b59  IpAddressParser                       
20004c41  UserInput                             
20005181  BsdUdpClient                          
2000529d  BsdUdpServer                          
200054f1  main                                  
20006259  __TI_printfi                          
200070d5  minit                                 
20007155  malloc                                
200071bf  free                                  
20007281  realloc                               
20007389  memalign                              
20007475  calloc                                
200074e1  GPIO_IF_LedConfigure                  
2000751f  GPIO_IF_LedOn                         
200075d3  GPIO_IF_LedOff                        
20007687  GPIO_IF_LedStatus                     
200076f1  GPIO_IF_LedToggle                     
2000771f  GPIO_IF_GetPortNPin                   
20007765  GPIO_IF_ConfigureNIntEnable           
200077ad  GPIO_IF_Set                           
200077f1  GPIO_IF_Get                           
2000783d  InitTerm                              
2000785b  Message                               
2000787d  ClearTerm                             
20007887  Error                                 
200078bf  GetCmd                                
20007965  TrimSpace                             
200079fd  Report                                
20007d09  __aeabi_uldivmod                      
20007efd  _SlDrvDataReadOp                      
200080e1  _SlDrvReleasePoolObj                  
200082b1  DmaSwIntHandler                       
200082c7  DmaErrorIntHandler                    
200082d3  UDMAInit                              
2000833b  UDMAChannelSelect                     
20008369  UDMASetupAutoMemTransfer              
2000839d  UDMASetupPingPongTransfer             
200083f7  UDMAStartTransfer                     
20008403  UDMAStopTransfer                      
2000840f  UDMADeInit                            
20008423  UDMASetupTransfer                     
2000847d  __aeabi_dsub                          
20008487  __aeabi_dadd                          
20008633  __mpu_init                            
20008635  _SlDrvDriverCBInit                    
20008985  _SlDrvWaitForPoolObj                  
20008b15  PRCMCC3200MCUInit                     
20008dfd  _SlDrvDataWriteOp                     
20008f4d  spi_Open                              
200091d9  sl_SendTo                             
2000931d  sl_RecvFrom                           
20009459  __aeabi_ddiv                          
2000958f  _system_post_cinit                    
20009591  _SlDrvDriverCBDeinit                  
200096c1  strtoul                               
200097d5  _SlDrvNetAppEventHandler              
200098d9  __aeabi_dmul                          
200099d5  sl_Stop                               
20009ac5  spi_Read                              
20009bb5  uDMAChannelTransferSet                
20009ca5  sl_Start                              
20009e79  _SlDrvMsgReadSpawnCtx                 
20009f61  sl_NetAppMDNSRegisterUnregisterService
2000a121  ldexp                                 
2000a121  ldexpl                                
2000a121  scalbn                                
2000a121  scalbnl                               
2000a1f1  _sl_HandleAsync_DnsGetHostByService   
2000a2bd  sl_DevGet                             
2000a44d  _SlDrvCmdOp                           
2000a50d  sl_Bind                               
2000a5c5  _SlNonOsSemGet                        
2000a675  IntDisable                            
2000a71d  IntEnable                             
2000a7c5  _SlDriverHandleError                  
2000a869  SPIConfigSetExpClk                    
2000a909  __aeabi_memcpy                        
2000a909  __aeabi_memcpy4                       
2000a909  __aeabi_memcpy8                       
2000a909  memcpy                                
2000a9a5  _SlDrvDeviceEventHandler              
2000aa41  sl_NetCfgSet                          
2000aad9  sl_WlanSet                            
2000ab71  spi_Write                             
2000ac09  PRCMPeripheralClockGet                
2000ac9d  _sl_HandleAsync_DnsGetHostByName      
2000ad2d  _sl_HandleAsync_PingResponse          
2000adbd  sl_WlanPolicySet                      
2000af65  _SlDrvIsTimeoutExpired                
2000aff1  _sl_HandleAsync_InitComplete          
2000b07d  sl_Socket                             
2000b109  PinConfigSet                          
2000b191  vsnprintf                             
2000b219  __aeabi_cdcmpeq                       
2000b219  __aeabi_cdcmple                       
2000b29f  __aeabi_cdrcmple                      
2000b325  sl_WlanRxFilterSet                    
2000b3a9  GPIOIntTypeSet                        
2000b42d  _sl_HandleAsync_Connect               
2000b5ad  __aeabi_memclr                        
2000b5ad  __aeabi_memclr4                       
2000b5ad  __aeabi_memclr8                       
2000b5af  __aeabi_memset                        
2000b5af  __aeabi_memset4                       
2000b5af  __aeabi_memset8                       
2000b5b5  memset                                
2000b629  spi_Close                             
2000b6a1  UARTConfigSetExpClk                   
2000b719  _SlNonOsMainLoopTask                  
2000b78d  __TI_auto_init                        
2000b7fd  _SlDrvCmdSend                         
2000b869  _sl_NetAppSendTokenValue              
2000b8d5  __TI_decompress_lzss                  
2000b93d  _SlNonOsSpawn                         
2000b9a1  _sl_HandleAsync_Accept                
2000ba05  sl_NetAppMDNSUnRegisterService        
2000ba69  uDMAChannelAttributeDisable           
2000bacd  uDMAChannelAttributeEnable            
2000bb31  sl_Close                              
2000bb91  sl_WlanProfileDel                     
2000bbf1  sl_WlanSetMode                        
2000bc51  frexp                                 
2000bc51  frexpl                                
2000bcad  IntPendClear                          
2000bd05  PRCMPeripheralReset                   
2000bd5d  IntPrioritySet                        
2000bdb1  _SlDrvRxIrqHandler                    
2000be05  _sl_HandleAsync_Select                
2000be59  C$$EXIT                               
2000be5d  abort                                 
2000be65  exit                                  
2000bead  ltoa                                  
2000bf01  _sl_HandleAsync_Stop                  
2000bf51  SPIIntEnable                          
2000bfe9  _SlDrvProtectAsyncRespSetting         
2000c081  atoi                                  
2000c0cd  copy_in                               
2000c119  uDMAChannelAssign                     
2000c1ad  SPIIntClear                           
2000c1f5  _SlDrvBasicCmd                        
2000c23d  __aeabi_d2iz                          
2000c2c9  TimerConfigure                        
2000c30d  _SlDrvSyncObjWaitTimeout              
2000c395  sl_Htonl                              
2000c3d9  PinModeSet                            
2000c459  _c_int00                              
2000c499  strtok                                
2000c4d9  NwpRegisterInterruptHandler           
2000c555  PRCMPeripheralClkEnable               
2000c591  simplelink_timerA2_start              
2000c5cd  sl_Htons                              
2000c609  uDMAChannelControlSet                 
2000c645  NwpPowerOff                           
2000c67d  sl_WlanDisconnect                     
2000c6b5  GPIODirModeSet                        
2000c6ed  PRCMPeripheralStatusGet               
2000c721  SPIFIFOLevelSet                       
2000c755  PinTypeGPIO                           
2000c785  UARTDisable                           
2000c7b5  __aeabi_i2d                           
2000c7e5  NwpPowerOn                            
2000c811  PRCMSysResetCauseGet                  
2000c869  _SlDrvProtectionObjLockWaitForever    
2000c895  TimerLoadSet                          
2000c8bf  TimerPrescaleSet                      
2000c8e9  strspn                                
2000c915  PRCMPeripheralClkDisable              
2000c93d  _SlDrvGlobalObjUnLock                 
2000c965  _SlDrvProtectionObjUnLock             
2000c98d  _SlDrvSyncObjWaitForever              
2000c9b5  _SlDrvObjLockWaitForever              
2000c9dd  DmaSpiSwIntHandler                    
2000ca01  IntUnregister                         
2000ca25  UARTEnable                            
2000ca49  memmove                               
2000ca6d  strcspn                               
2000ca91  SPIReset                              
2000cab3  SPIWordCountSet                       
2000cad5  GPIOPinWrite                          
2000caf5  IntRegister                           
2000cb15  NwpPrePowerOffTimout0                 
2000cb35  TimerGetCurrentTimestamp              
2000cb55  _SlDrvObjUnLock                       
2000cb75  _SlDrvSyncObjSignal                   
2000cb95  GPIOIntRegister                       
2000cbb3  TimerEnable                           
2000cbd1  UARTCharPut                           
2000cc0d  TimerValueGet                         
2000cc29  UARTCharGetNonBlocking                
2000cc45  _SlDrvStartMeasureTimeout             
2000cc61  PinMuxConfig                          
2000cc7d  memccpy                               
2000cc99  uDMAChannelDisable                    
2000ccb5  uDMAChannelEnable                     
2000ccd1  uDMAChannelRequest                    
2000cced  GPIOIntEnable                         
2000cd07  PinTypeUART                           
2000cd21  SPIDmaDisable                         
2000cd3b  SPIDmaEnable                          
2000cd55  SPIFIFODisable                        
2000cd6f  SPIFIFOEnable                         
2000cd89  SPIIntUnregister                      
2000cda3  GPIOPinRead                           
2000cdbb  SPICSDisable                          
2000cdd3  SPICSEnable                           
2000cdeb  SPIDisable                            
2000ce03  SPIEnable                             
2000ce1b  UARTCharsAvail                        
2000ce33  _SlNonOsSemSet                        
2000ce65  _args_main                            
2000ce7d  PRCMHIBRegRead                        
2000ce93  PRCMHIBRegWrite                       
2000cea9  UARTCharGet                           
2000cebf  _SlDrvMemZero                         
2000ced5  strchr                                
2000ceeb  uDMAIntRegister                       
2000cf01  CPUcpsie                              
2000cf15  GPIOIntClear                          
2000cf29  IntVTableBaseSet                      
2000cf3d  _register_unlock                      
2000cf43  _register_lock                        
2000cf4b  _nop                                  
2000cf51  strlen                                
2000cf65  uDMAControlBaseSet                    
2000cf79  uDMAIntClear                          
2000cf8d  uDMAIntUnregister                     
2000cf9f  _SlDrvDispatchHttpServerEvents        
2000cfaf  _SlDrvResetCmdExt                     
2000cfbd  __TI_decompress_none                  
2000cfcb  ResetISR                              
2000cfd9  NwpMaskInterrupt                      
2000cfe5  NwpUnMaskInterrupt                    
2000cff1  __TI_zero_init                        
2000cffd  uDMADisable                           
2000d009  uDMAEnable                            
2000d015  uDMAIntStatus                         
2000d021  IntMasterEnable                       
2000d02b  copysign                              
2000d02b  copysignl                             
2000d033  UtilsDelay                            
2000d039  _system_pre_init                      
2000d03c  _ctypes_                              
2000d3bc  OpcodeTranslateTable                  
2000d3f8  _SlActionLookupTable                  
2000d5dc  _SlNetAppSendTokenValueCmdCtrl        
2000d610  __TI_static_base__                    
2000d658  __TI_Handler_Table_Base               
2000d664  __TI_Handler_Table_Limit              
2000d670  __TI_CINIT_Base                       
2000d680  __TI_CINIT_Limit                      
20017000  g_cBsdBuf                             
200176e0  gfpAppCallbackHndl                    
200177e0  g_ButMgr_t                            
20017800  gpCtlTbl                              
20017c00  g_ucDinDout                           
20017c50  g_ucConnectionSSID                    
20017c74  g_ledMgr_t                            
20017c94  g_ucConnectionBSSID                   
20017ca0  RxIrqCnt                              
20017ca1  g_bDeviceRestartIsRequired            
20017ca2  g_cDummy                              
20017ca3  g_ucLED1Pin                           
20017ca4  g_ucLED2Pin                           
20017ca5  g_ucLED3Pin                           
20017ca6  iDone                                 
20017ca8  _sys_memory                           
200184a8  g__SlNonOsCB                          
200184e4  g_ulStatus                            
200184e8  g_ulGatewayIP                         
200184ec  g_ulDestinationIp                     
200184f0  g_uiPortNum                           
200184f4  g_ulPacketCount                       
200184f8  g_ucSimplelinkstarted                 
200184fc  g_ulIpAddr                            
20018514  g_SlDeviceStatus                      
20018518  g_pCB                                 
2001851c  pPingCallBackFunc                     
20018524  __TI_cleanup_ptr                      
20018528  __TI_dtors_ptr                        
2001852c  __TI_enable_exit_profile_output       
2001853c  g_uiLED1Port                          
20018540  g_uiLED2Port                          
20018544  g_uiLED3Port                          
20018548  g_SpiFd                               
2001854c  g_pHostIntHdl                         
20018550  g_ucDMAEnabled                        
20018554  _lock                                 
20018558  _unlock                               
2001855c  errno                                 
20018560  main_func_sp                          
2002f800  __stack                               
20030000  __STACK_END                           
ffffffff  __TI_pprof_out_hndl                   
ffffffff  __TI_prof_data_size                   
ffffffff  __TI_prof_data_start                  
ffffffff  __binit__                             
ffffffff  __c_args__                            
ffffffff  binit                                 
UNDEFED   SHT$$INIT_ARRAY$$Base                 
UNDEFED   SHT$$INIT_ARRAY$$Limit                

[308 symbols]
