<?xml version="1.0"?>
<link_info>
   <banner>TI ARM Linker PC v16.9.2.LTS</banner>
   <copyright>Copyright (c) 1996-2017 Texas Instruments Incorporated</copyright>
   <link_time>0x592137e4</link_time>
   <link_errors>0x0</link_errors>
   <output_file>udp_socket.out</output_file>
   <entry_point>
      <name>_c_int00</name>
      <address>0x2000c459</address>
   </entry_point>
   <input_file_list>
      <input_file id="fl-2">
         <path>.\</path>
         <kind>object</kind>
         <file>gpio_if.obj</file>
         <name>gpio_if.obj</name>
      </input_file>
      <input_file id="fl-3">
         <path>.\</path>
         <kind>object</kind>
         <file>gpio_interrupt.obj</file>
         <name>gpio_interrupt.obj</name>
      </input_file>
      <input_file id="fl-4">
         <path>.\</path>
         <kind>object</kind>
         <file>main.obj</file>
         <name>main.obj</name>
      </input_file>
      <input_file id="fl-5">
         <path>.\</path>
         <kind>object</kind>
         <file>network_common.obj</file>
         <name>network_common.obj</name>
      </input_file>
      <input_file id="fl-6">
         <path>.\</path>
         <kind>object</kind>
         <file>pinmux.obj</file>
         <name>pinmux.obj</name>
      </input_file>
      <input_file id="fl-7">
         <path>.\</path>
         <kind>object</kind>
         <file>startup_ccs.obj</file>
         <name>startup_ccs.obj</name>
      </input_file>
      <input_file id="fl-8">
         <path>.\</path>
         <kind>object</kind>
         <file>uart_if.obj</file>
         <name>uart_if.obj</name>
      </input_file>
      <input_file id="fl-9">
         <path>.\</path>
         <kind>object</kind>
         <file>udma_if.obj</file>
         <name>udma_if.obj</name>
      </input_file>
      <input_file id="fl-f">
         <kind>object</kind>
         <file>&lt;internal&gt;</file>
         <name>&lt;internal&gt;</name>
      </input_file>
      <input_file id="fl-c5">
         <path>C:\ti\ccsv7\tools\compiler\ti-cgt-arm_16.9.2.LTS\lib\</path>
         <kind>archive</kind>
         <file>rtsv7M4_T_le_eabi.lib</file>
         <name>boot.obj</name>
      </input_file>
      <input_file id="fl-c6">
         <path>C:\ti\ccsv7\tools\compiler\ti-cgt-arm_16.9.2.LTS\lib\</path>
         <kind>archive</kind>
         <file>rtsv7M4_T_le_eabi.lib</file>
         <name>copy_decompress_lzss.obj</name>
      </input_file>
      <input_file id="fl-c7">
         <path>C:\ti\ccsv7\tools\compiler\ti-cgt-arm_16.9.2.LTS\lib\</path>
         <kind>archive</kind>
         <file>rtsv7M4_T_le_eabi.lib</file>
         <name>copy_decompress_none.obj</name>
      </input_file>
      <input_file id="fl-c8">
         <path>C:\ti\ccsv7\tools\compiler\ti-cgt-arm_16.9.2.LTS\lib\</path>
         <kind>archive</kind>
         <file>rtsv7M4_T_le_eabi.lib</file>
         <name>copy_zero_init.obj</name>
      </input_file>
      <input_file id="fl-c9">
         <path>C:\ti\ccsv7\tools\compiler\ti-cgt-arm_16.9.2.LTS\lib\</path>
         <kind>archive</kind>
         <file>rtsv7M4_T_le_eabi.lib</file>
         <name>exit.obj</name>
      </input_file>
      <input_file id="fl-ca">
         <path>C:\ti\ccsv7\tools\compiler\ti-cgt-arm_16.9.2.LTS\lib\</path>
         <kind>archive</kind>
         <file>rtsv7M4_T_le_eabi.lib</file>
         <name>memcpy_t2.obj</name>
      </input_file>
      <input_file id="fl-cb">
         <path>C:\ti\ccsv7\tools\compiler\ti-cgt-arm_16.9.2.LTS\lib\</path>
         <kind>archive</kind>
         <file>rtsv7M4_T_le_eabi.lib</file>
         <name>memmov.obj</name>
      </input_file>
      <input_file id="fl-cc">
         <path>C:\ti\ccsv7\tools\compiler\ti-cgt-arm_16.9.2.LTS\lib\</path>
         <kind>archive</kind>
         <file>rtsv7M4_T_le_eabi.lib</file>
         <name>memory.obj</name>
      </input_file>
      <input_file id="fl-cd">
         <path>C:\ti\ccsv7\tools\compiler\ti-cgt-arm_16.9.2.LTS\lib\</path>
         <kind>archive</kind>
         <file>rtsv7M4_T_le_eabi.lib</file>
         <name>memset_t2.obj</name>
      </input_file>
      <input_file id="fl-ce">
         <path>C:\ti\ccsv7\tools\compiler\ti-cgt-arm_16.9.2.LTS\lib\</path>
         <kind>archive</kind>
         <file>rtsv7M4_T_le_eabi.lib</file>
         <name>mpu_init.obj</name>
      </input_file>
      <input_file id="fl-cf">
         <path>C:\ti\ccsv7\tools\compiler\ti-cgt-arm_16.9.2.LTS\lib\</path>
         <kind>archive</kind>
         <file>rtsv7M4_T_le_eabi.lib</file>
         <name>pre_init.obj</name>
      </input_file>
      <input_file id="fl-d0">
         <path>C:\ti\ccsv7\tools\compiler\ti-cgt-arm_16.9.2.LTS\lib\</path>
         <kind>archive</kind>
         <file>rtsv7M4_T_le_eabi.lib</file>
         <name>stkdepth_vars.obj</name>
      </input_file>
      <input_file id="fl-d1">
         <path>C:\ti\ccsv7\tools\compiler\ti-cgt-arm_16.9.2.LTS\lib\</path>
         <kind>archive</kind>
         <file>rtsv7M4_T_le_eabi.lib</file>
         <name>strlen.obj</name>
      </input_file>
      <input_file id="fl-d2">
         <path>C:\ti\ccsv7\tools\compiler\ti-cgt-arm_16.9.2.LTS\lib\</path>
         <kind>archive</kind>
         <file>rtsv7M4_T_le_eabi.lib</file>
         <name>strtok.obj</name>
      </input_file>
      <input_file id="fl-d3">
         <path>C:\ti\ccsv7\tools\compiler\ti-cgt-arm_16.9.2.LTS\lib\</path>
         <kind>archive</kind>
         <file>rtsv7M4_T_le_eabi.lib</file>
         <name>strtoul.obj</name>
      </input_file>
      <input_file id="fl-d4">
         <path>C:\ti\ccsv7\tools\compiler\ti-cgt-arm_16.9.2.LTS\lib\</path>
         <kind>archive</kind>
         <file>rtsv7M4_T_le_eabi.lib</file>
         <name>vsnprintf.obj</name>
      </input_file>
      <input_file id="fl-d5">
         <path>C:\ti\ccsv7\tools\compiler\ti-cgt-arm_16.9.2.LTS\lib\</path>
         <kind>archive</kind>
         <file>rtsv7M4_T_le_eabi.lib</file>
         <name>_lock.obj</name>
      </input_file>
      <input_file id="fl-d6">
         <path>C:\ti\ccsv7\tools\compiler\ti-cgt-arm_16.9.2.LTS\lib\</path>
         <kind>archive</kind>
         <file>rtsv7M4_T_le_eabi.lib</file>
         <name>_printfi.obj</name>
      </input_file>
      <input_file id="fl-d7">
         <path>C:\ti\ccsv7\tools\compiler\ti-cgt-arm_16.9.2.LTS\lib\</path>
         <kind>archive</kind>
         <file>rtsv7M4_T_le_eabi.lib</file>
         <name>args_main.obj</name>
      </input_file>
      <input_file id="fl-d8">
         <path>C:\ti\ccsv7\tools\compiler\ti-cgt-arm_16.9.2.LTS\lib\</path>
         <kind>archive</kind>
         <file>rtsv7M4_T_le_eabi.lib</file>
         <name>atoi.obj</name>
      </input_file>
      <input_file id="fl-d9">
         <path>C:\ti\ccsv7\tools\compiler\ti-cgt-arm_16.9.2.LTS\lib\</path>
         <kind>archive</kind>
         <file>rtsv7M4_T_le_eabi.lib</file>
         <name>autoinit.obj</name>
      </input_file>
      <input_file id="fl-da">
         <path>C:\ti\ccsv7\tools\compiler\ti-cgt-arm_16.9.2.LTS\lib\</path>
         <kind>archive</kind>
         <file>rtsv7M4_T_le_eabi.lib</file>
         <name>cpy_tbl.obj</name>
      </input_file>
      <input_file id="fl-db">
         <path>C:\ti\ccsv7\tools\compiler\ti-cgt-arm_16.9.2.LTS\lib\</path>
         <kind>archive</kind>
         <file>rtsv7M4_T_le_eabi.lib</file>
         <name>ctype.obj</name>
      </input_file>
      <input_file id="fl-dc">
         <path>C:\ti\ccsv7\tools\compiler\ti-cgt-arm_16.9.2.LTS\lib\</path>
         <kind>archive</kind>
         <file>rtsv7M4_T_le_eabi.lib</file>
         <name>errno.obj</name>
      </input_file>
      <input_file id="fl-dd">
         <path>C:\ti\ccsv7\tools\compiler\ti-cgt-arm_16.9.2.LTS\lib\</path>
         <kind>archive</kind>
         <file>rtsv7M4_T_le_eabi.lib</file>
         <name>fd_add_t2.obj</name>
      </input_file>
      <input_file id="fl-de">
         <path>C:\ti\ccsv7\tools\compiler\ti-cgt-arm_16.9.2.LTS\lib\</path>
         <kind>archive</kind>
         <file>rtsv7M4_T_le_eabi.lib</file>
         <name>fd_cmp_t2.obj</name>
      </input_file>
      <input_file id="fl-df">
         <path>C:\ti\ccsv7\tools\compiler\ti-cgt-arm_16.9.2.LTS\lib\</path>
         <kind>archive</kind>
         <file>rtsv7M4_T_le_eabi.lib</file>
         <name>fd_div_t2.obj</name>
      </input_file>
      <input_file id="fl-e0">
         <path>C:\ti\ccsv7\tools\compiler\ti-cgt-arm_16.9.2.LTS\lib\</path>
         <kind>archive</kind>
         <file>rtsv7M4_T_le_eabi.lib</file>
         <name>fd_mul_t2.obj</name>
      </input_file>
      <input_file id="fl-e1">
         <path>C:\ti\ccsv7\tools\compiler\ti-cgt-arm_16.9.2.LTS\lib\</path>
         <kind>archive</kind>
         <file>rtsv7M4_T_le_eabi.lib</file>
         <name>fd_toi_t2.obj</name>
      </input_file>
      <input_file id="fl-e2">
         <path>C:\ti\ccsv7\tools\compiler\ti-cgt-arm_16.9.2.LTS\lib\</path>
         <kind>archive</kind>
         <file>rtsv7M4_T_le_eabi.lib</file>
         <name>i_tofd_t2.obj</name>
      </input_file>
      <input_file id="fl-e3">
         <path>C:\ti\ccsv7\tools\compiler\ti-cgt-arm_16.9.2.LTS\lib\</path>
         <kind>archive</kind>
         <file>rtsv7M4_T_le_eabi.lib</file>
         <name>ltoa.obj</name>
      </input_file>
      <input_file id="fl-e4">
         <path>C:\ti\ccsv7\tools\compiler\ti-cgt-arm_16.9.2.LTS\lib\</path>
         <kind>archive</kind>
         <file>rtsv7M4_T_le_eabi.lib</file>
         <name>memccpy.obj</name>
      </input_file>
      <input_file id="fl-e5">
         <path>C:\ti\ccsv7\tools\compiler\ti-cgt-arm_16.9.2.LTS\lib\</path>
         <kind>archive</kind>
         <file>rtsv7M4_T_le_eabi.lib</file>
         <name>s_frexp.obj</name>
      </input_file>
      <input_file id="fl-e6">
         <path>C:\ti\ccsv7\tools\compiler\ti-cgt-arm_16.9.2.LTS\lib\</path>
         <kind>archive</kind>
         <file>rtsv7M4_T_le_eabi.lib</file>
         <name>s_scalbn.obj</name>
      </input_file>
      <input_file id="fl-e7">
         <path>C:\ti\ccsv7\tools\compiler\ti-cgt-arm_16.9.2.LTS\lib\</path>
         <kind>archive</kind>
         <file>rtsv7M4_T_le_eabi.lib</file>
         <name>startup.obj</name>
      </input_file>
      <input_file id="fl-e8">
         <path>C:\ti\ccsv7\tools\compiler\ti-cgt-arm_16.9.2.LTS\lib\</path>
         <kind>archive</kind>
         <file>rtsv7M4_T_le_eabi.lib</file>
         <name>strchr.obj</name>
      </input_file>
      <input_file id="fl-e9">
         <path>C:\ti\ccsv7\tools\compiler\ti-cgt-arm_16.9.2.LTS\lib\</path>
         <kind>archive</kind>
         <file>rtsv7M4_T_le_eabi.lib</file>
         <name>strcspn.obj</name>
      </input_file>
      <input_file id="fl-ea">
         <path>C:\ti\ccsv7\tools\compiler\ti-cgt-arm_16.9.2.LTS\lib\</path>
         <kind>archive</kind>
         <file>rtsv7M4_T_le_eabi.lib</file>
         <name>strspn.obj</name>
      </input_file>
      <input_file id="fl-eb">
         <path>C:\ti\ccsv7\tools\compiler\ti-cgt-arm_16.9.2.LTS\lib\</path>
         <kind>archive</kind>
         <file>rtsv7M4_T_le_eabi.lib</file>
         <name>ull_div_t2.obj</name>
      </input_file>
      <input_file id="fl-ec">
         <path>C:\ti\ccsv7\tools\compiler\ti-cgt-arm_16.9.2.LTS\lib\</path>
         <kind>archive</kind>
         <file>rtsv7M4_T_le_eabi.lib</file>
         <name>s_copysign.obj</name>
      </input_file>
      <input_file id="fl-ed">
         <path>C:\ti\CC3200SDK_1.3.0\cc3200-sdk\simplelink\ccs\NON_OS\</path>
         <kind>archive</kind>
         <file>simplelink.a</file>
         <name>device.obj</name>
      </input_file>
      <input_file id="fl-ee">
         <path>C:\ti\CC3200SDK_1.3.0\cc3200-sdk\simplelink\ccs\NON_OS\</path>
         <kind>archive</kind>
         <file>simplelink.a</file>
         <name>driver.obj</name>
      </input_file>
      <input_file id="fl-ef">
         <path>C:\ti\CC3200SDK_1.3.0\cc3200-sdk\simplelink\ccs\NON_OS\</path>
         <kind>archive</kind>
         <file>simplelink.a</file>
         <name>netapp.obj</name>
      </input_file>
      <input_file id="fl-f0">
         <path>C:\ti\CC3200SDK_1.3.0\cc3200-sdk\simplelink\ccs\NON_OS\</path>
         <kind>archive</kind>
         <file>simplelink.a</file>
         <name>netcfg.obj</name>
      </input_file>
      <input_file id="fl-f1">
         <path>C:\ti\CC3200SDK_1.3.0\cc3200-sdk\simplelink\ccs\NON_OS\</path>
         <kind>archive</kind>
         <file>simplelink.a</file>
         <name>nonos.obj</name>
      </input_file>
      <input_file id="fl-f2">
         <path>C:\ti\CC3200SDK_1.3.0\cc3200-sdk\simplelink\ccs\NON_OS\</path>
         <kind>archive</kind>
         <file>simplelink.a</file>
         <name>socket.obj</name>
      </input_file>
      <input_file id="fl-f3">
         <path>C:\ti\CC3200SDK_1.3.0\cc3200-sdk\simplelink\ccs\NON_OS\</path>
         <kind>archive</kind>
         <file>simplelink.a</file>
         <name>wlan.obj</name>
      </input_file>
      <input_file id="fl-f4">
         <path>C:\ti\CC3200SDK_1.3.0\cc3200-sdk\simplelink\ccs\NON_OS\</path>
         <kind>archive</kind>
         <file>simplelink.a</file>
         <name>cc_pal.obj</name>
      </input_file>
      <input_file id="fl-f5">
         <path>C:\ti\CC3200SDK_1.3.0\cc3200-sdk\driverlib\ccs\Release\</path>
         <kind>archive</kind>
         <file>driverlib.a</file>
         <name>gpio.obj</name>
      </input_file>
      <input_file id="fl-f6">
         <path>C:\ti\CC3200SDK_1.3.0\cc3200-sdk\driverlib\ccs\Release\</path>
         <kind>archive</kind>
         <file>driverlib.a</file>
         <name>interrupt.obj</name>
      </input_file>
      <input_file id="fl-f7">
         <path>C:\ti\CC3200SDK_1.3.0\cc3200-sdk\driverlib\ccs\Release\</path>
         <kind>archive</kind>
         <file>driverlib.a</file>
         <name>pin.obj</name>
      </input_file>
      <input_file id="fl-f8">
         <path>C:\ti\CC3200SDK_1.3.0\cc3200-sdk\driverlib\ccs\Release\</path>
         <kind>archive</kind>
         <file>driverlib.a</file>
         <name>prcm.obj</name>
      </input_file>
      <input_file id="fl-f9">
         <path>C:\ti\CC3200SDK_1.3.0\cc3200-sdk\driverlib\ccs\Release\</path>
         <kind>archive</kind>
         <file>driverlib.a</file>
         <name>spi.obj</name>
      </input_file>
      <input_file id="fl-fa">
         <path>C:\ti\CC3200SDK_1.3.0\cc3200-sdk\driverlib\ccs\Release\</path>
         <kind>archive</kind>
         <file>driverlib.a</file>
         <name>timer.obj</name>
      </input_file>
      <input_file id="fl-fb">
         <path>C:\ti\CC3200SDK_1.3.0\cc3200-sdk\driverlib\ccs\Release\</path>
         <kind>archive</kind>
         <file>driverlib.a</file>
         <name>uart.obj</name>
      </input_file>
      <input_file id="fl-fc">
         <path>C:\ti\CC3200SDK_1.3.0\cc3200-sdk\driverlib\ccs\Release\</path>
         <kind>archive</kind>
         <file>driverlib.a</file>
         <name>udma.obj</name>
      </input_file>
      <input_file id="fl-fd">
         <path>C:\ti\CC3200SDK_1.3.0\cc3200-sdk\driverlib\ccs\Release\</path>
         <kind>archive</kind>
         <file>driverlib.a</file>
         <name>utils.obj</name>
      </input_file>
      <input_file id="fl-fe">
         <path>C:\ti\CC3200SDK_1.3.0\cc3200-sdk\driverlib\ccs\Release\</path>
         <kind>archive</kind>
         <file>driverlib.a</file>
         <name>cpu.obj</name>
      </input_file>
      <input_file id="fl-ff">
         <path>C:\ti\CC3200SDK_1.3.0\cc3200-sdk\driverlib\ccs\Release\</path>
         <kind>archive</kind>
         <file>driverlib.a</file>
         <name>flash.obj</name>
      </input_file>
   </input_file_list>
   <object_component_list>
      <object_component id="oc-f">
         <name>.intvecs</name>
         <load_address>0x20004000</load_address>
         <run_address>0x20004000</run_address>
         <size>0x400</size>
         <input_file_ref idref="fl-7"/>
      </object_component>
      <object_component id="oc-a8">
         <name>.text</name>
         <load_address>0x20004400</load_address>
         <run_address>0x20004400</run_address>
         <size>0x1620</size>
         <input_file_ref idref="fl-4"/>
      </object_component>
      <object_component id="oc-464">
         <name>.text</name>
         <load_address>0x20005a20</load_address>
         <run_address>0x20005a20</run_address>
         <size>0x1122</size>
         <input_file_ref idref="fl-d6"/>
      </object_component>
      <object_component id="oc-6c0">
         <name>.text:IntDefaultHandler</name>
         <load_address>0x20006b42</load_address>
         <run_address>0x20006b42</run_address>
         <size>0x2</size>
         <input_file_ref idref="fl-f6"/>
      </object_component>
      <object_component id="oc-6d2">
         <name>.text:_SlDrvMsgRead</name>
         <load_address>0x20006b44</load_address>
         <run_address>0x20006b44</run_address>
         <size>0x590</size>
         <input_file_ref idref="fl-ee"/>
      </object_component>
      <object_component id="oc-22f">
         <name>.text</name>
         <load_address>0x200070d4</load_address>
         <run_address>0x200070d4</run_address>
         <size>0x3d0</size>
         <input_file_ref idref="fl-cc"/>
      </object_component>
      <object_component id="oc-198">
         <name>.text</name>
         <load_address>0x200074a4</load_address>
         <run_address>0x200074a4</run_address>
         <size>0x398</size>
         <input_file_ref idref="fl-2"/>
      </object_component>
      <object_component id="oc-d8">
         <name>.text</name>
         <load_address>0x2000783c</load_address>
         <run_address>0x2000783c</run_address>
         <size>0x280</size>
         <input_file_ref idref="fl-8"/>
      </object_component>
      <object_component id="oc-74e">
         <name>.text:_SlDrvRxHdrRead</name>
         <load_address>0x20007abc</load_address>
         <run_address>0x20007abc</run_address>
         <size>0x24c</size>
         <input_file_ref idref="fl-ee"/>
      </object_component>
      <object_component id="oc-623">
         <name>.text</name>
         <load_address>0x20007d08</load_address>
         <run_address>0x20007d08</run_address>
         <size>0x1f4</size>
         <input_file_ref idref="fl-eb"/>
      </object_component>
      <object_component id="oc-35f">
         <name>.text:_SlDrvDataReadOp</name>
         <load_address>0x20007efc</load_address>
         <run_address>0x20007efc</run_address>
         <size>0x1e4</size>
         <input_file_ref idref="fl-ee"/>
      </object_component>
      <object_component id="oc-28b">
         <name>.text:_SlDrvReleasePoolObj</name>
         <load_address>0x200080e0</load_address>
         <run_address>0x200080e0</run_address>
         <size>0x1d0</size>
         <input_file_ref idref="fl-ee"/>
      </object_component>
      <object_component id="oc-18c">
         <name>.text</name>
         <load_address>0x200082b0</load_address>
         <run_address>0x200082b0</run_address>
         <size>0x1cc</size>
         <input_file_ref idref="fl-9"/>
      </object_component>
      <object_component id="oc-64c">
         <name>.text</name>
         <load_address>0x2000847c</load_address>
         <run_address>0x2000847c</run_address>
         <size>0x1b6</size>
         <input_file_ref idref="fl-dd"/>
      </object_component>
      <object_component id="oc-59">
         <name>.text</name>
         <load_address>0x20008632</load_address>
         <run_address>0x20008632</run_address>
         <size>0x2</size>
         <input_file_ref idref="fl-ce"/>
      </object_component>
      <object_component id="oc-261">
         <name>.text:_SlDrvDriverCBInit</name>
         <load_address>0x20008634</load_address>
         <run_address>0x20008634</run_address>
         <size>0x1b4</size>
         <input_file_ref idref="fl-ee"/>
      </object_component>
      <object_component id="oc-564">
         <name>.text:_SlDrvMsgWrite</name>
         <load_address>0x200087e8</load_address>
         <run_address>0x200087e8</run_address>
         <size>0x19c</size>
         <input_file_ref idref="fl-ee"/>
      </object_component>
      <object_component id="oc-4f0">
         <name>.text:_SlDrvWaitForPoolObj</name>
         <load_address>0x20008984</load_address>
         <run_address>0x20008984</run_address>
         <size>0x190</size>
         <input_file_ref idref="fl-ee"/>
      </object_component>
      <object_component id="oc-183">
         <name>.text:PRCMCC3200MCUInit</name>
         <load_address>0x20008b14</load_address>
         <run_address>0x20008b14</run_address>
         <size>0x178</size>
         <input_file_ref idref="fl-f8"/>
      </object_component>
      <object_component id="oc-760">
         <name>.text:_SlFindAndSetActiveObj</name>
         <load_address>0x20008c8c</load_address>
         <run_address>0x20008c8c</run_address>
         <size>0x170</size>
         <input_file_ref idref="fl-ee"/>
      </object_component>
      <object_component id="oc-34d">
         <name>.text:_SlDrvDataWriteOp</name>
         <load_address>0x20008dfc</load_address>
         <run_address>0x20008dfc</run_address>
         <size>0x150</size>
         <input_file_ref idref="fl-ee"/>
      </object_component>
      <object_component id="oc-267">
         <name>.text:spi_Open</name>
         <load_address>0x20008f4c</load_address>
         <run_address>0x20008f4c</run_address>
         <size>0x148</size>
         <input_file_ref idref="fl-f4"/>
      </object_component>
      <object_component id="oc-56a">
         <name>.text:_SlDrvMsgReadCmdCtx</name>
         <load_address>0x20009094</load_address>
         <run_address>0x20009094</run_address>
         <size>0x144</size>
         <input_file_ref idref="fl-ee"/>
      </object_component>
      <object_component id="oc-159">
         <name>.text:sl_SendTo</name>
         <load_address>0x200091d8</load_address>
         <run_address>0x200091d8</run_address>
         <size>0x144</size>
         <input_file_ref idref="fl-f2"/>
      </object_component>
      <object_component id="oc-16b">
         <name>.text:sl_RecvFrom</name>
         <load_address>0x2000931c</load_address>
         <run_address>0x2000931c</run_address>
         <size>0x13c</size>
         <input_file_ref idref="fl-f2"/>
      </object_component>
      <object_component id="oc-632">
         <name>.text</name>
         <load_address>0x20009458</load_address>
         <run_address>0x20009458</run_address>
         <size>0x136</size>
         <input_file_ref idref="fl-df"/>
      </object_component>
      <object_component id="oc-a0">
         <name>.text</name>
         <load_address>0x2000958e</load_address>
         <run_address>0x2000958e</run_address>
         <size>0x2</size>
         <input_file_ref idref="fl-e7"/>
      </object_component>
      <object_component id="oc-2d0">
         <name>.text:_SlDrvDriverCBDeinit</name>
         <load_address>0x20009590</load_address>
         <run_address>0x20009590</run_address>
         <size>0x130</size>
         <input_file_ref idref="fl-ee"/>
      </object_component>
      <object_component id="oc-13a">
         <name>.text</name>
         <load_address>0x200096c0</load_address>
         <run_address>0x200096c0</run_address>
         <size>0x114</size>
         <input_file_ref idref="fl-d3"/>
      </object_component>
      <object_component id="oc-7b1">
         <name>.text:_SlDrvNetAppEventHandler</name>
         <load_address>0x200097d4</load_address>
         <run_address>0x200097d4</run_address>
         <size>0x104</size>
         <input_file_ref idref="fl-ef"/>
      </object_component>
      <object_component id="oc-62d">
         <name>.text</name>
         <load_address>0x200098d8</load_address>
         <run_address>0x200098d8</run_address>
         <size>0xfc</size>
         <input_file_ref idref="fl-e0"/>
      </object_component>
      <object_component id="oc-f7">
         <name>.text:sl_Stop</name>
         <load_address>0x200099d4</load_address>
         <run_address>0x200099d4</run_address>
         <size>0xf0</size>
         <input_file_ref idref="fl-ed"/>
      </object_component>
      <object_component id="oc-75a">
         <name>.text:spi_Read</name>
         <load_address>0x20009ac4</load_address>
         <run_address>0x20009ac4</run_address>
         <size>0xf0</size>
         <input_file_ref idref="fl-f4"/>
      </object_component>
      <object_component id="oc-3e8">
         <name>.text:uDMAChannelTransferSet</name>
         <load_address>0x20009bb4</load_address>
         <run_address>0x20009bb4</run_address>
         <size>0xf0</size>
         <input_file_ref idref="fl-fc"/>
      </object_component>
      <object_component id="oc-e5">
         <name>.text:sl_Start</name>
         <load_address>0x20009ca4</load_address>
         <run_address>0x20009ca4</run_address>
         <size>0xec</size>
         <input_file_ref idref="fl-ed"/>
      </object_component>
      <object_component id="oc-6d8">
         <name>.text:_SlAsyncEventGenericHandler</name>
         <load_address>0x20009d90</load_address>
         <run_address>0x20009d90</run_address>
         <size>0xe8</size>
         <input_file_ref idref="fl-ee"/>
      </object_component>
      <object_component id="oc-54b">
         <name>.text:_SlDrvMsgReadSpawnCtx</name>
         <load_address>0x20009e78</load_address>
         <run_address>0x20009e78</run_address>
         <size>0xe8</size>
         <input_file_ref idref="fl-ee"/>
      </object_component>
      <object_component id="oc-30b">
         <name>.text:sl_NetAppMDNSRegisterUnregisterService</name>
         <load_address>0x20009f60</load_address>
         <run_address>0x20009f60</run_address>
         <size>0xe4</size>
         <input_file_ref idref="fl-ef"/>
      </object_component>
      <object_component id="oc-754">
         <name>.text:_SlDrvClassifyRxMsg</name>
         <load_address>0x2000a044</load_address>
         <run_address>0x2000a044</run_address>
         <size>0xdc</size>
         <input_file_ref idref="fl-ee"/>
      </object_component>
      <object_component id="oc-657">
         <name>.text</name>
         <load_address>0x2000a120</load_address>
         <run_address>0x2000a120</run_address>
         <size>0xd0</size>
         <input_file_ref idref="fl-e6"/>
      </object_component>
      <object_component id="oc-80b">
         <name>.text:_sl_HandleAsync_DnsGetHostByService</name>
         <load_address>0x2000a1f0</load_address>
         <run_address>0x2000a1f0</run_address>
         <size>0xcc</size>
         <input_file_ref idref="fl-ef"/>
      </object_component>
      <object_component id="oc-fd">
         <name>.text:sl_DevGet</name>
         <load_address>0x2000a2bc</load_address>
         <run_address>0x2000a2bc</run_address>
         <size>0xcc</size>
         <input_file_ref idref="fl-ed"/>
      </object_component>
      <object_component id="oc-52b">
         <name>.text:_SlRemoveFromList</name>
         <load_address>0x2000a388</load_address>
         <run_address>0x2000a388</run_address>
         <size>0xc4</size>
         <input_file_ref idref="fl-ee"/>
      </object_component>
      <object_component id="oc-2b4">
         <name>.text:_SlDrvCmdOp</name>
         <load_address>0x2000a44c</load_address>
         <run_address>0x2000a44c</run_address>
         <size>0xc0</size>
         <input_file_ref idref="fl-ee"/>
      </object_component>
      <object_component id="oc-165">
         <name>.text:sl_Bind</name>
         <load_address>0x2000a50c</load_address>
         <run_address>0x2000a50c</run_address>
         <size>0xb8</size>
         <input_file_ref idref="fl-f2"/>
      </object_component>
      <object_component id="oc-490">
         <name>.text:_SlNonOsSemGet</name>
         <load_address>0x2000a5c4</load_address>
         <run_address>0x2000a5c4</run_address>
         <size>0xb0</size>
         <input_file_ref idref="fl-f1"/>
      </object_component>
      <object_component id="oc-50a">
         <name>.text:IntDisable</name>
         <load_address>0x2000a674</load_address>
         <run_address>0x2000a674</run_address>
         <size>0xa8</size>
         <input_file_ref idref="fl-f6"/>
      </object_component>
      <object_component id="oc-17d">
         <name>.text:IntEnable</name>
         <load_address>0x2000a71c</load_address>
         <run_address>0x2000a71c</run_address>
         <size>0xa8</size>
         <input_file_ref idref="fl-f6"/>
      </object_component>
      <object_component id="oc-524">
         <name>.text:_SlDriverHandleError</name>
         <load_address>0x2000a7c4</load_address>
         <run_address>0x2000a7c4</run_address>
         <size>0xa4</size>
         <input_file_ref idref="fl-ee"/>
      </object_component>
      <object_component id="oc-4ad">
         <name>.text:SPIConfigSetExpClk</name>
         <load_address>0x2000a868</load_address>
         <run_address>0x2000a868</run_address>
         <size>0xa0</size>
         <input_file_ref idref="fl-f9"/>
      </object_component>
      <object_component id="oc-41">
         <name>.text</name>
         <load_address>0x2000a908</load_address>
         <run_address>0x2000a908</run_address>
         <size>0x9c</size>
         <input_file_ref idref="fl-ca"/>
      </object_component>
      <object_component id="oc-7fd">
         <name>.text:_SlDrvDeviceEventHandler</name>
         <load_address>0x2000a9a4</load_address>
         <run_address>0x2000a9a4</run_address>
         <size>0x9a</size>
         <input_file_ref idref="fl-ed"/>
      </object_component>
      <object_component id="oc-115">
         <name>.text:sl_NetCfgSet</name>
         <load_address>0x2000aa40</load_address>
         <run_address>0x2000aa40</run_address>
         <size>0x98</size>
         <input_file_ref idref="fl-f0"/>
      </object_component>
      <object_component id="oc-11b">
         <name>.text:sl_WlanSet</name>
         <load_address>0x2000aad8</load_address>
         <run_address>0x2000aad8</run_address>
         <size>0x98</size>
         <input_file_ref idref="fl-f3"/>
      </object_component>
      <object_component id="oc-6e1">
         <name>.text:spi_Write</name>
         <load_address>0x2000ab70</load_address>
         <run_address>0x2000ab70</run_address>
         <size>0x98</size>
         <input_file_ref idref="fl-f4"/>
      </object_component>
      <object_component id="oc-1ff">
         <name>.text:PRCMPeripheralClockGet</name>
         <load_address>0x2000ac08</load_address>
         <run_address>0x2000ac08</run_address>
         <size>0x94</size>
         <input_file_ref idref="fl-f8"/>
      </object_component>
      <object_component id="oc-805">
         <name>.text:_sl_HandleAsync_DnsGetHostByName</name>
         <load_address>0x2000ac9c</load_address>
         <run_address>0x2000ac9c</run_address>
         <size>0x90</size>
         <input_file_ref idref="fl-ef"/>
      </object_component>
      <object_component id="oc-7b7">
         <name>.text:_sl_HandleAsync_PingResponse</name>
         <load_address>0x2000ad2c</load_address>
         <run_address>0x2000ad2c</run_address>
         <size>0x90</size>
         <input_file_ref idref="fl-ef"/>
      </object_component>
      <object_component id="oc-103">
         <name>.text:sl_WlanPolicySet</name>
         <load_address>0x2000adbc</load_address>
         <run_address>0x2000adbc</run_address>
         <size>0x90</size>
         <input_file_ref idref="fl-f3"/>
      </object_component>
      <object_component id="oc-7be">
         <name>.text:SetupDMAReceive</name>
         <load_address>0x2000ae4c</load_address>
         <run_address>0x2000ae4c</run_address>
         <size>0x8c</size>
         <input_file_ref idref="fl-f4"/>
      </object_component>
      <object_component id="oc-76b">
         <name>.text:SetupDMASend</name>
         <load_address>0x2000aed8</load_address>
         <run_address>0x2000aed8</run_address>
         <size>0x8c</size>
         <input_file_ref idref="fl-f4"/>
      </object_component>
      <object_component id="oc-68b">
         <name>.text:_SlDrvIsTimeoutExpired</name>
         <load_address>0x2000af64</load_address>
         <run_address>0x2000af64</run_address>
         <size>0x8c</size>
         <input_file_ref idref="fl-ee"/>
      </object_component>
      <object_component id="oc-846">
         <name>.text:_sl_HandleAsync_InitComplete</name>
         <load_address>0x2000aff0</load_address>
         <run_address>0x2000aff0</run_address>
         <size>0x8c</size>
         <input_file_ref idref="fl-ed"/>
      </object_component>
      <object_component id="oc-153">
         <name>.text:sl_Socket</name>
         <load_address>0x2000b07c</load_address>
         <run_address>0x2000b07c</run_address>
         <size>0x8c</size>
         <input_file_ref idref="fl-f2"/>
      </object_component>
      <object_component id="oc-1b0">
         <name>.text:PinConfigSet</name>
         <load_address>0x2000b108</load_address>
         <run_address>0x2000b108</run_address>
         <size>0x88</size>
         <input_file_ref idref="fl-f7"/>
      </object_component>
      <object_component id="oc-211">
         <name>.text</name>
         <load_address>0x2000b190</load_address>
         <run_address>0x2000b190</run_address>
         <size>0x88</size>
         <input_file_ref idref="fl-d4"/>
      </object_component>
      <object_component id="oc-628">
         <name>.text:__aeabi_cdcmple</name>
         <load_address>0x2000b218</load_address>
         <run_address>0x2000b218</run_address>
         <size>0x86</size>
         <input_file_ref idref="fl-de"/>
      </object_component>
      <object_component id="oc-637">
         <name>.text:__aeabi_cdrcmple</name>
         <load_address>0x2000b29e</load_address>
         <run_address>0x2000b29e</run_address>
         <size>0x86</size>
         <input_file_ref idref="fl-de"/>
      </object_component>
      <object_component id="oc-12d">
         <name>.text:sl_WlanRxFilterSet</name>
         <load_address>0x2000b324</load_address>
         <run_address>0x2000b324</run_address>
         <size>0x84</size>
         <input_file_ref idref="fl-f3"/>
      </object_component>
      <object_component id="oc-406">
         <name>.text:GPIOIntTypeSet</name>
         <load_address>0x2000b3a8</load_address>
         <run_address>0x2000b3a8</run_address>
         <size>0x82</size>
         <input_file_ref idref="fl-f5"/>
      </object_component>
      <object_component id="oc-82d">
         <name>.text:_sl_HandleAsync_Connect</name>
         <load_address>0x2000b42c</load_address>
         <run_address>0x2000b42c</run_address>
         <size>0x80</size>
         <input_file_ref idref="fl-f2"/>
      </object_component>
      <object_component id="oc-7c4">
         <name>.text:spi_Read_CPU</name>
         <load_address>0x2000b4ac</load_address>
         <run_address>0x2000b4ac</run_address>
         <size>0x80</size>
         <input_file_ref idref="fl-f4"/>
      </object_component>
      <object_component id="oc-77d">
         <name>.text:spi_Write_CPU</name>
         <load_address>0x2000b52c</load_address>
         <run_address>0x2000b52c</run_address>
         <size>0x80</size>
         <input_file_ref idref="fl-f4"/>
      </object_component>
      <object_component id="oc-4d">
         <name>.text</name>
         <load_address>0x2000b5ac</load_address>
         <run_address>0x2000b5ac</run_address>
         <size>0x7a</size>
         <input_file_ref idref="fl-cd"/>
      </object_component>
      <object_component id="oc-2ca">
         <name>.text:spi_Close</name>
         <load_address>0x2000b628</load_address>
         <run_address>0x2000b628</run_address>
         <size>0x78</size>
         <input_file_ref idref="fl-f4"/>
      </object_component>
      <object_component id="oc-205">
         <name>.text:UARTConfigSetExpClk</name>
         <load_address>0x2000b6a0</load_address>
         <run_address>0x2000b6a0</run_address>
         <size>0x76</size>
         <input_file_ref idref="fl-fb"/>
      </object_component>
      <object_component id="oc-eb">
         <name>.text:_SlNonOsMainLoopTask</name>
         <load_address>0x2000b718</load_address>
         <run_address>0x2000b718</run_address>
         <size>0x74</size>
         <input_file_ref idref="fl-f1"/>
      </object_component>
      <object_component id="oc-65">
         <name>.text</name>
         <load_address>0x2000b78c</load_address>
         <run_address>0x2000b78c</run_address>
         <size>0x70</size>
         <input_file_ref idref="fl-d9"/>
      </object_component>
      <object_component id="oc-850">
         <name>.text:_SlDrvCmdSend</name>
         <load_address>0x2000b7fc</load_address>
         <run_address>0x2000b7fc</run_address>
         <size>0x6c</size>
         <input_file_ref idref="fl-ee"/>
      </object_component>
      <object_component id="oc-817">
         <name>.text:_sl_NetAppSendTokenValue</name>
         <load_address>0x2000b868</load_address>
         <run_address>0x2000b868</run_address>
         <size>0x6c</size>
         <input_file_ref idref="fl-ef"/>
      </object_component>
      <object_component id="oc-12">
         <name>.text:decompress:lzss</name>
         <load_address>0x2000b8d4</load_address>
         <run_address>0x2000b8d4</run_address>
         <size>0x68</size>
         <input_file_ref idref="fl-c6"/>
      </object_component>
      <object_component id="oc-545">
         <name>.text:_SlNonOsSpawn</name>
         <load_address>0x2000b93c</load_address>
         <run_address>0x2000b93c</run_address>
         <size>0x64</size>
         <input_file_ref idref="fl-f1"/>
      </object_component>
      <object_component id="oc-827">
         <name>.text:_sl_HandleAsync_Accept</name>
         <load_address>0x2000b9a0</load_address>
         <run_address>0x2000b9a0</run_address>
         <size>0x64</size>
         <input_file_ref idref="fl-f2"/>
      </object_component>
      <object_component id="oc-121">
         <name>.text:sl_NetAppMDNSUnRegisterService</name>
         <load_address>0x2000ba04</load_address>
         <run_address>0x2000ba04</run_address>
         <size>0x64</size>
         <input_file_ref idref="fl-ef"/>
      </object_component>
      <object_component id="oc-3be">
         <name>.text:uDMAChannelAttributeDisable</name>
         <load_address>0x2000ba68</load_address>
         <run_address>0x2000ba68</run_address>
         <size>0x64</size>
         <input_file_ref idref="fl-fc"/>
      </object_component>
      <object_component id="oc-3e2">
         <name>.text:uDMAChannelAttributeEnable</name>
         <load_address>0x2000bacc</load_address>
         <run_address>0x2000bacc</run_address>
         <size>0x64</size>
         <input_file_ref idref="fl-fc"/>
      </object_component>
      <object_component id="oc-15f">
         <name>.text:sl_Close</name>
         <load_address>0x2000bb30</load_address>
         <run_address>0x2000bb30</run_address>
         <size>0x60</size>
         <input_file_ref idref="fl-f2"/>
      </object_component>
      <object_component id="oc-109">
         <name>.text:sl_WlanProfileDel</name>
         <load_address>0x2000bb90</load_address>
         <run_address>0x2000bb90</run_address>
         <size>0x60</size>
         <input_file_ref idref="fl-f3"/>
      </object_component>
      <object_component id="oc-f1">
         <name>.text:sl_WlanSetMode</name>
         <load_address>0x2000bbf0</load_address>
         <run_address>0x2000bbf0</run_address>
         <size>0x60</size>
         <input_file_ref idref="fl-f3"/>
      </object_component>
      <object_component id="oc-651">
         <name>.text</name>
         <load_address>0x2000bc50</load_address>
         <run_address>0x2000bc50</run_address>
         <size>0x5c</size>
         <input_file_ref idref="fl-e5"/>
      </object_component>
      <object_component id="oc-516">
         <name>.text:IntPendClear</name>
         <load_address>0x2000bcac</load_address>
         <run_address>0x2000bcac</run_address>
         <size>0x58</size>
         <input_file_ref idref="fl-f6"/>
      </object_component>
      <object_component id="oc-387">
         <name>.text:PRCMPeripheralReset</name>
         <load_address>0x2000bd04</load_address>
         <run_address>0x2000bd04</run_address>
         <size>0x58</size>
         <input_file_ref idref="fl-f8"/>
      </object_component>
      <object_component id="oc-3a0">
         <name>.text:IntPrioritySet</name>
         <load_address>0x2000bd5c</load_address>
         <run_address>0x2000bd5c</run_address>
         <size>0x54</size>
         <input_file_ref idref="fl-f6"/>
      </object_component>
      <object_component id="oc-29d">
         <name>.text:_SlDrvRxIrqHandler</name>
         <load_address>0x2000bdb0</load_address>
         <run_address>0x2000bdb0</run_address>
         <size>0x54</size>
         <input_file_ref idref="fl-ee"/>
      </object_component>
      <object_component id="oc-833">
         <name>.text:_sl_HandleAsync_Select</name>
         <load_address>0x2000be04</load_address>
         <run_address>0x2000be04</run_address>
         <size>0x54</size>
         <input_file_ref idref="fl-f2"/>
      </object_component>
      <object_component id="oc-71">
         <name>.text</name>
         <load_address>0x2000be58</load_address>
         <run_address>0x2000be58</run_address>
         <size>0x54</size>
         <input_file_ref idref="fl-c9"/>
      </object_component>
      <object_component id="oc-641">
         <name>.text</name>
         <load_address>0x2000beac</load_address>
         <run_address>0x2000beac</run_address>
         <size>0x54</size>
         <input_file_ref idref="fl-e3"/>
      </object_component>
      <object_component id="oc-839">
         <name>.text:_sl_HandleAsync_Stop</name>
         <load_address>0x2000bf00</load_address>
         <run_address>0x2000bf00</run_address>
         <size>0x50</size>
         <input_file_ref idref="fl-ed"/>
      </object_component>
      <object_component id="oc-4d1">
         <name>.text:SPIIntEnable</name>
         <load_address>0x2000bf50</load_address>
         <run_address>0x2000bf50</run_address>
         <size>0x4c</size>
         <input_file_ref idref="fl-f9"/>
      </object_component>
      <object_component id="oc-6ec">
         <name>.text:SPIIntNumberGet</name>
         <load_address>0x2000bf9c</load_address>
         <run_address>0x2000bf9c</run_address>
         <size>0x4c</size>
         <input_file_ref idref="fl-f9"/>
      </object_component>
      <object_component id="oc-26d">
         <name>.text:_SlDrvProtectAsyncRespSetting</name>
         <load_address>0x2000bfe8</load_address>
         <run_address>0x2000bfe8</run_address>
         <size>0x4c</size>
         <input_file_ref idref="fl-ee"/>
      </object_component>
      <object_component id="oc-347">
         <name>.text:_sl_BuildAddress</name>
         <load_address>0x2000c034</load_address>
         <run_address>0x2000c034</run_address>
         <size>0x4c</size>
         <input_file_ref idref="fl-f2"/>
      </object_component>
      <object_component id="oc-663">
         <name>.text</name>
         <load_address>0x2000c080</load_address>
         <run_address>0x2000c080</run_address>
         <size>0x4c</size>
         <input_file_ref idref="fl-d8"/>
      </object_component>
      <object_component id="oc-9a">
         <name>.text</name>
         <load_address>0x2000c0cc</load_address>
         <run_address>0x2000c0cc</run_address>
         <size>0x4c</size>
         <input_file_ref idref="fl-da"/>
      </object_component>
      <object_component id="oc-3b8">
         <name>.text:uDMAChannelAssign</name>
         <load_address>0x2000c118</load_address>
         <run_address>0x2000c118</run_address>
         <size>0x4c</size>
         <input_file_ref idref="fl-fc"/>
      </object_component>
      <object_component id="oc-607">
         <name>.text:GPIOGetIntNumber</name>
         <load_address>0x2000c164</load_address>
         <run_address>0x2000c164</run_address>
         <size>0x48</size>
         <input_file_ref idref="fl-f5"/>
      </object_component>
      <object_component id="oc-6b1">
         <name>.text:SPIIntClear</name>
         <load_address>0x2000c1ac</load_address>
         <run_address>0x2000c1ac</run_address>
         <size>0x48</size>
         <input_file_ref idref="fl-f9"/>
      </object_component>
      <object_component id="oc-2f6">
         <name>.text:_SlDrvBasicCmd</name>
         <load_address>0x2000c1f4</load_address>
         <run_address>0x2000c1f4</run_address>
         <size>0x48</size>
         <input_file_ref idref="fl-ee"/>
      </object_component>
      <object_component id="oc-63c">
         <name>.text</name>
         <load_address>0x2000c23c</load_address>
         <run_address>0x2000c23c</run_address>
         <size>0x48</size>
         <input_file_ref idref="fl-e1"/>
      </object_component>
      <object_component id="oc-6a0">
         <name>.text:SPIDmaMaskGet</name>
         <load_address>0x2000c284</load_address>
         <run_address>0x2000c284</run_address>
         <size>0x44</size>
         <input_file_ref idref="fl-f9"/>
      </object_component>
      <object_component id="oc-7dd">
         <name>.text:TimerConfigure</name>
         <load_address>0x2000c2c8</load_address>
         <run_address>0x2000c2c8</run_address>
         <size>0x44</size>
         <input_file_ref idref="fl-fa"/>
      </object_component>
      <object_component id="oc-285">
         <name>.text:_SlDrvSyncObjWaitTimeout</name>
         <load_address>0x2000c30c</load_address>
         <run_address>0x2000c30c</run_address>
         <size>0x44</size>
         <input_file_ref idref="fl-ee"/>
      </object_component>
      <object_component id="oc-7d1">
         <name>.text:cc_SetupTransfer</name>
         <load_address>0x2000c350</load_address>
         <run_address>0x2000c350</run_address>
         <size>0x44</size>
         <input_file_ref idref="fl-f4"/>
      </object_component>
      <object_component id="oc-14d">
         <name>.text:sl_Htonl</name>
         <load_address>0x2000c394</load_address>
         <run_address>0x2000c394</run_address>
         <size>0x42</size>
         <input_file_ref idref="fl-f2"/>
      </object_component>
      <object_component id="oc-43b">
         <name>.text:PinModeSet</name>
         <load_address>0x2000c3d8</load_address>
         <run_address>0x2000c3d8</run_address>
         <size>0x40</size>
         <input_file_ref idref="fl-f7"/>
      </object_component>
      <object_component id="oc-341">
         <name>.text:_sl_TruncatePayloadByProtocol</name>
         <load_address>0x2000c418</load_address>
         <run_address>0x2000c418</run_address>
         <size>0x40</size>
         <input_file_ref idref="fl-f2"/>
      </object_component>
      <object_component id="oc-24">
         <name>.text</name>
         <load_address>0x2000c458</load_address>
         <run_address>0x2000c458</run_address>
         <size>0x40</size>
         <input_file_ref idref="fl-c5"/>
      </object_component>
      <object_component id="oc-134">
         <name>.text</name>
         <load_address>0x2000c498</load_address>
         <run_address>0x2000c498</run_address>
         <size>0x40</size>
         <input_file_ref idref="fl-d2"/>
      </object_component>
      <object_component id="oc-279">
         <name>.text:NwpRegisterInterruptHandler</name>
         <load_address>0x2000c4d8</load_address>
         <run_address>0x2000c4d8</run_address>
         <size>0x3e</size>
         <input_file_ref idref="fl-f4"/>
      </object_component>
      <object_component id="oc-81e">
         <name>.text:CopyPingResultsToReport</name>
         <load_address>0x2000c516</load_address>
         <run_address>0x2000c516</run_address>
         <size>0x3c</size>
         <input_file_ref idref="fl-ef"/>
      </object_component>
      <object_component id="oc-1a4">
         <name>.text:PRCMPeripheralClkEnable</name>
         <load_address>0x2000c554</load_address>
         <run_address>0x2000c554</run_address>
         <size>0x3c</size>
         <input_file_ref idref="fl-f8"/>
      </object_component>
      <object_component id="oc-797">
         <name>.text:simplelink_timerA2_start</name>
         <load_address>0x2000c590</load_address>
         <run_address>0x2000c590</run_address>
         <size>0x3c</size>
         <input_file_ref idref="fl-f4"/>
      </object_component>
      <object_component id="oc-147">
         <name>.text:sl_Htons</name>
         <load_address>0x2000c5cc</load_address>
         <run_address>0x2000c5cc</run_address>
         <size>0x3c</size>
         <input_file_ref idref="fl-f2"/>
      </object_component>
      <object_component id="oc-3dc">
         <name>.text:uDMAChannelControlSet</name>
         <load_address>0x2000c608</load_address>
         <run_address>0x2000c608</run_address>
         <size>0x3c</size>
         <input_file_ref idref="fl-fc"/>
      </object_component>
      <object_component id="oc-273">
         <name>.text:NwpPowerOff</name>
         <load_address>0x2000c644</load_address>
         <run_address>0x2000c644</run_address>
         <size>0x38</size>
         <input_file_ref idref="fl-f4"/>
      </object_component>
      <object_component id="oc-10f">
         <name>.text:sl_WlanDisconnect</name>
         <load_address>0x2000c67c</load_address>
         <run_address>0x2000c67c</run_address>
         <size>0x38</size>
         <input_file_ref idref="fl-f3"/>
      </object_component>
      <object_component id="oc-1b6">
         <name>.text:GPIODirModeSet</name>
         <load_address>0x2000c6b4</load_address>
         <run_address>0x2000c6b4</run_address>
         <size>0x36</size>
         <input_file_ref idref="fl-f5"/>
      </object_component>
      <object_component id="oc-19e">
         <name>.text:PRCMPeripheralStatusGet</name>
         <load_address>0x2000c6ec</load_address>
         <run_address>0x2000c6ec</run_address>
         <size>0x34</size>
         <input_file_ref idref="fl-f8"/>
      </object_component>
      <object_component id="oc-4c5">
         <name>.text:SPIFIFOLevelSet</name>
         <load_address>0x2000c720</load_address>
         <run_address>0x2000c720</run_address>
         <size>0x34</size>
         <input_file_ref idref="fl-f9"/>
      </object_component>
      <object_component id="oc-1aa">
         <name>.text:PinTypeGPIO</name>
         <load_address>0x2000c754</load_address>
         <run_address>0x2000c754</run_address>
         <size>0x30</size>
         <input_file_ref idref="fl-f7"/>
      </object_component>
      <object_component id="oc-456">
         <name>.text:UARTDisable</name>
         <load_address>0x2000c784</load_address>
         <run_address>0x2000c784</run_address>
         <size>0x30</size>
         <input_file_ref idref="fl-fb"/>
      </object_component>
      <object_component id="oc-647">
         <name>.text</name>
         <load_address>0x2000c7b4</load_address>
         <run_address>0x2000c7b4</run_address>
         <size>0x2e</size>
         <input_file_ref idref="fl-e2"/>
      </object_component>
      <object_component id="oc-27f">
         <name>.text:NwpPowerOn</name>
         <load_address>0x2000c7e4</load_address>
         <run_address>0x2000c7e4</run_address>
         <size>0x2c</size>
         <input_file_ref idref="fl-f4"/>
      </object_component>
      <object_component id="oc-375">
         <name>.text:PRCMSysResetCauseGet</name>
         <load_address>0x2000c810</load_address>
         <run_address>0x2000c810</run_address>
         <size>0x2c</size>
         <input_file_ref idref="fl-f8"/>
      </object_component>
      <object_component id="oc-558">
         <name>.text:_SlDrvObjGlobalLockWaitForever</name>
         <load_address>0x2000c83c</load_address>
         <run_address>0x2000c83c</run_address>
         <size>0x2c</size>
         <input_file_ref idref="fl-ee"/>
      </object_component>
      <object_component id="oc-4f6">
         <name>.text:_SlDrvProtectionObjLockWaitForever</name>
         <load_address>0x2000c868</load_address>
         <run_address>0x2000c868</run_address>
         <size>0x2c</size>
         <input_file_ref idref="fl-ee"/>
      </object_component>
      <object_component id="oc-7e9">
         <name>.text:TimerLoadSet</name>
         <load_address>0x2000c894</load_address>
         <run_address>0x2000c894</run_address>
         <size>0x2a</size>
         <input_file_ref idref="fl-fa"/>
      </object_component>
      <object_component id="oc-7e3">
         <name>.text:TimerPrescaleSet</name>
         <load_address>0x2000c8be</load_address>
         <run_address>0x2000c8be</run_address>
         <size>0x2a</size>
         <input_file_ref idref="fl-fa"/>
      </object_component>
      <object_component id="oc-31b">
         <name>.text</name>
         <load_address>0x2000c8e8</load_address>
         <run_address>0x2000c8e8</run_address>
         <size>0x2a</size>
         <input_file_ref idref="fl-ea"/>
      </object_component>
      <object_component id="oc-38d">
         <name>.text:PRCMPeripheralClkDisable</name>
         <load_address>0x2000c914</load_address>
         <run_address>0x2000c914</run_address>
         <size>0x28</size>
         <input_file_ref idref="fl-f8"/>
      </object_component>
      <object_component id="oc-55e">
         <name>.text:_SlDrvGlobalObjUnLock</name>
         <load_address>0x2000c93c</load_address>
         <run_address>0x2000c93c</run_address>
         <size>0x28</size>
         <input_file_ref idref="fl-ee"/>
      </object_component>
      <object_component id="oc-4fc">
         <name>.text:_SlDrvProtectionObjUnLock</name>
         <load_address>0x2000c964</load_address>
         <run_address>0x2000c964</run_address>
         <size>0x28</size>
         <input_file_ref idref="fl-ee"/>
      </object_component>
      <object_component id="oc-5cb">
         <name>.text:_SlDrvSyncObjWaitForever</name>
         <load_address>0x2000c98c</load_address>
         <run_address>0x2000c98c</run_address>
         <size>0x28</size>
         <input_file_ref idref="fl-ee"/>
      </object_component>
      <object_component id="oc-5bf">
         <name>.text:_SlDrvObjLockWaitForever</name>
         <load_address>0x2000c9b4</load_address>
         <run_address>0x2000c9b4</run_address>
         <size>0x26</size>
         <input_file_ref idref="fl-ee"/>
      </object_component>
      <object_component id="oc-4e3">
         <name>.text:DmaSpiSwIntHandler</name>
         <load_address>0x2000c9dc</load_address>
         <run_address>0x2000c9dc</run_address>
         <size>0x24</size>
         <input_file_ref idref="fl-f4"/>
      </object_component>
      <object_component id="oc-510">
         <name>.text:IntUnregister</name>
         <load_address>0x2000ca00</load_address>
         <run_address>0x2000ca00</run_address>
         <size>0x24</size>
         <input_file_ref idref="fl-f6"/>
      </object_component>
      <object_component id="oc-45c">
         <name>.text:UARTEnable</name>
         <load_address>0x2000ca24</load_address>
         <run_address>0x2000ca24</run_address>
         <size>0x24</size>
         <input_file_ref idref="fl-fb"/>
      </object_component>
      <object_component id="oc-229">
         <name>.text</name>
         <load_address>0x2000ca48</load_address>
         <run_address>0x2000ca48</run_address>
         <size>0x24</size>
         <input_file_ref idref="fl-cb"/>
      </object_component>
      <object_component id="oc-321">
         <name>.text</name>
         <load_address>0x2000ca6c</load_address>
         <run_address>0x2000ca6c</run_address>
         <size>0x24</size>
         <input_file_ref idref="fl-e9"/>
      </object_component>
      <object_component id="oc-4a7">
         <name>.text:SPIReset</name>
         <load_address>0x2000ca90</load_address>
         <run_address>0x2000ca90</run_address>
         <size>0x22</size>
         <input_file_ref idref="fl-f9"/>
      </object_component>
      <object_component id="oc-777">
         <name>.text:SPIWordCountSet</name>
         <load_address>0x2000cab2</load_address>
         <run_address>0x2000cab2</run_address>
         <size>0x22</size>
         <input_file_ref idref="fl-f9"/>
      </object_component>
      <object_component id="oc-41e">
         <name>.text:GPIOPinWrite</name>
         <load_address>0x2000cad4</load_address>
         <run_address>0x2000cad4</run_address>
         <size>0x20</size>
         <input_file_ref idref="fl-f5"/>
      </object_component>
      <object_component id="oc-4cb">
         <name>.text:IntRegister</name>
         <load_address>0x2000caf4</load_address>
         <run_address>0x2000caf4</run_address>
         <size>0x20</size>
         <input_file_ref idref="fl-f6"/>
      </object_component>
      <object_component id="oc-2c4">
         <name>.text:NwpPrePowerOffTimout0</name>
         <load_address>0x2000cb14</load_address>
         <run_address>0x2000cb14</run_address>
         <size>0x20</size>
         <input_file_ref idref="fl-f4"/>
      </object_component>
      <object_component id="oc-73a">
         <name>.text:TimerGetCurrentTimestamp</name>
         <load_address>0x2000cb34</load_address>
         <run_address>0x2000cb34</run_address>
         <size>0x20</size>
         <input_file_ref idref="fl-f4"/>
      </object_component>
      <object_component id="oc-5c5">
         <name>.text:_SlDrvObjUnLock</name>
         <load_address>0x2000cb54</load_address>
         <run_address>0x2000cb54</run_address>
         <size>0x20</size>
         <input_file_ref idref="fl-ee"/>
      </object_component>
      <object_component id="oc-531">
         <name>.text:_SlDrvSyncObjSignal</name>
         <load_address>0x2000cb74</load_address>
         <run_address>0x2000cb74</run_address>
         <size>0x20</size>
         <input_file_ref idref="fl-ee"/>
      </object_component>
      <object_component id="oc-40c">
         <name>.text:GPIOIntRegister</name>
         <load_address>0x2000cb94</load_address>
         <run_address>0x2000cb94</run_address>
         <size>0x1e</size>
         <input_file_ref idref="fl-f5"/>
      </object_component>
      <object_component id="oc-7ef">
         <name>.text:TimerEnable</name>
         <load_address>0x2000cbb2</load_address>
         <run_address>0x2000cbb2</run_address>
         <size>0x1e</size>
         <input_file_ref idref="fl-fa"/>
      </object_component>
      <object_component id="oc-20b">
         <name>.text:UARTCharPut</name>
         <load_address>0x2000cbd0</load_address>
         <run_address>0x2000cbd0</run_address>
         <size>0x1e</size>
         <input_file_ref idref="fl-fb"/>
      </object_component>
      <object_component id="oc-4b3">
         <name>.text:cc_UDMAChannelSelect</name>
         <load_address>0x2000cbee</load_address>
         <run_address>0x2000cbee</run_address>
         <size>0x1e</size>
         <input_file_ref idref="fl-f4"/>
      </object_component>
      <object_component id="oc-79d">
         <name>.text:TimerValueGet</name>
         <load_address>0x2000cc0c</load_address>
         <run_address>0x2000cc0c</run_address>
         <size>0x1c</size>
         <input_file_ref idref="fl-fa"/>
      </object_component>
      <object_component id="oc-21d">
         <name>.text:UARTCharGetNonBlocking</name>
         <load_address>0x2000cc28</load_address>
         <run_address>0x2000cc28</run_address>
         <size>0x1c</size>
         <input_file_ref idref="fl-fb"/>
      </object_component>
      <object_component id="oc-685">
         <name>.text:_SlDrvStartMeasureTimeout</name>
         <load_address>0x2000cc44</load_address>
         <run_address>0x2000cc44</run_address>
         <size>0x1c</size>
         <input_file_ref idref="fl-ee"/>
      </object_component>
      <object_component id="oc-192">
         <name>.text</name>
         <load_address>0x2000cc60</load_address>
         <run_address>0x2000cc60</run_address>
         <size>0x1c</size>
         <input_file_ref idref="fl-6"/>
      </object_component>
      <object_component id="oc-669">
         <name>.text</name>
         <load_address>0x2000cc7c</load_address>
         <run_address>0x2000cc7c</run_address>
         <size>0x1c</size>
         <input_file_ref idref="fl-e4"/>
      </object_component>
      <object_component id="oc-3ca">
         <name>.text:uDMAChannelDisable</name>
         <load_address>0x2000cc98</load_address>
         <run_address>0x2000cc98</run_address>
         <size>0x1c</size>
         <input_file_ref idref="fl-fc"/>
      </object_component>
      <object_component id="oc-3ee">
         <name>.text:uDMAChannelEnable</name>
         <load_address>0x2000ccb4</load_address>
         <run_address>0x2000ccb4</run_address>
         <size>0x1c</size>
         <input_file_ref idref="fl-fc"/>
      </object_component>
      <object_component id="oc-3c4">
         <name>.text:uDMAChannelRequest</name>
         <load_address>0x2000ccd0</load_address>
         <run_address>0x2000ccd0</run_address>
         <size>0x1c</size>
         <input_file_ref idref="fl-fc"/>
      </object_component>
      <object_component id="oc-418">
         <name>.text:GPIOIntEnable</name>
         <load_address>0x2000ccec</load_address>
         <run_address>0x2000ccec</run_address>
         <size>0x1a</size>
         <input_file_ref idref="fl-f5"/>
      </object_component>
      <object_component id="oc-3ff">
         <name>.text:PinTypeUART</name>
         <load_address>0x2000cd06</load_address>
         <run_address>0x2000cd06</run_address>
         <size>0x1a</size>
         <input_file_ref idref="fl-f7"/>
      </object_component>
      <object_component id="oc-582">
         <name>.text:SPIDmaDisable</name>
         <load_address>0x2000cd20</load_address>
         <run_address>0x2000cd20</run_address>
         <size>0x1a</size>
         <input_file_ref idref="fl-f9"/>
      </object_component>
      <object_component id="oc-4bf">
         <name>.text:SPIDmaEnable</name>
         <load_address>0x2000cd3a</load_address>
         <run_address>0x2000cd3a</run_address>
         <size>0x1a</size>
         <input_file_ref idref="fl-f9"/>
      </object_component>
      <object_component id="oc-57c">
         <name>.text:SPIFIFODisable</name>
         <load_address>0x2000cd54</load_address>
         <run_address>0x2000cd54</run_address>
         <size>0x1a</size>
         <input_file_ref idref="fl-f9"/>
      </object_component>
      <object_component id="oc-4b9">
         <name>.text:SPIFIFOEnable</name>
         <load_address>0x2000cd6e</load_address>
         <run_address>0x2000cd6e</run_address>
         <size>0x1a</size>
         <input_file_ref idref="fl-f9"/>
      </object_component>
      <object_component id="oc-576">
         <name>.text:SPIIntUnregister</name>
         <load_address>0x2000cd88</load_address>
         <run_address>0x2000cd88</run_address>
         <size>0x1a</size>
         <input_file_ref idref="fl-f9"/>
      </object_component>
      <object_component id="oc-42a">
         <name>.text:GPIOPinRead</name>
         <load_address>0x2000cda2</load_address>
         <run_address>0x2000cda2</run_address>
         <size>0x18</size>
         <input_file_ref idref="fl-f5"/>
      </object_component>
      <object_component id="oc-49b">
         <name>.text:SPICSDisable</name>
         <load_address>0x2000cdba</load_address>
         <run_address>0x2000cdba</run_address>
         <size>0x18</size>
         <input_file_ref idref="fl-f9"/>
      </object_component>
      <object_component id="oc-771">
         <name>.text:SPICSEnable</name>
         <load_address>0x2000cdd2</load_address>
         <run_address>0x2000cdd2</run_address>
         <size>0x18</size>
         <input_file_ref idref="fl-f9"/>
      </object_component>
      <object_component id="oc-4a1">
         <name>.text:SPIDisable</name>
         <load_address>0x2000cdea</load_address>
         <run_address>0x2000cdea</run_address>
         <size>0x18</size>
         <input_file_ref idref="fl-f9"/>
      </object_component>
      <object_component id="oc-4d7">
         <name>.text:SPIEnable</name>
         <load_address>0x2000ce02</load_address>
         <run_address>0x2000ce02</run_address>
         <size>0x18</size>
         <input_file_ref idref="fl-f9"/>
      </object_component>
      <object_component id="oc-217">
         <name>.text:UARTCharsAvail</name>
         <load_address>0x2000ce1a</load_address>
         <run_address>0x2000ce1a</run_address>
         <size>0x18</size>
         <input_file_ref idref="fl-fb"/>
      </object_component>
      <object_component id="oc-48a">
         <name>.text:_SlNonOsSemSet</name>
         <load_address>0x2000ce32</load_address>
         <run_address>0x2000ce32</run_address>
         <size>0x18</size>
         <input_file_ref idref="fl-f1"/>
      </object_component>
      <object_component id="oc-291">
         <name>.text:_sl_GetStartResponseConvert</name>
         <load_address>0x2000ce4c</load_address>
         <run_address>0x2000ce4c</run_address>
         <size>0x18</size>
         <input_file_ref idref="fl-ed"/>
      </object_component>
      <object_component id="oc-6b">
         <name>.text</name>
         <load_address>0x2000ce64</load_address>
         <run_address>0x2000ce64</run_address>
         <size>0x18</size>
         <input_file_ref idref="fl-d7"/>
      </object_component>
      <object_component id="oc-37b">
         <name>.text:PRCMHIBRegRead</name>
         <load_address>0x2000ce7c</load_address>
         <run_address>0x2000ce7c</run_address>
         <size>0x16</size>
         <input_file_ref idref="fl-f8"/>
      </object_component>
      <object_component id="oc-381">
         <name>.text:PRCMHIBRegWrite</name>
         <load_address>0x2000ce92</load_address>
         <run_address>0x2000ce92</run_address>
         <size>0x16</size>
         <input_file_ref idref="fl-f8"/>
      </object_component>
      <object_component id="oc-140">
         <name>.text:UARTCharGet</name>
         <load_address>0x2000cea8</load_address>
         <run_address>0x2000cea8</run_address>
         <size>0x16</size>
         <input_file_ref idref="fl-fb"/>
      </object_component>
      <object_component id="oc-484">
         <name>.text:_SlDrvMemZero</name>
         <load_address>0x2000cebe</load_address>
         <run_address>0x2000cebe</run_address>
         <size>0x16</size>
         <input_file_ref idref="fl-ee"/>
      </object_component>
      <object_component id="oc-65d">
         <name>.text</name>
         <load_address>0x2000ced4</load_address>
         <run_address>0x2000ced4</run_address>
         <size>0x16</size>
         <input_file_ref idref="fl-e8"/>
      </object_component>
      <object_component id="oc-3a6">
         <name>.text:uDMAIntRegister</name>
         <load_address>0x2000ceea</load_address>
         <run_address>0x2000ceea</run_address>
         <size>0x16</size>
         <input_file_ref idref="fl-fc"/>
      </object_component>
      <object_component id="oc-36a">
         <name>.text:CPUcpsie</name>
         <load_address>0x2000cf00</load_address>
         <run_address>0x2000cf00</run_address>
         <size>0x14</size>
         <input_file_ref idref="fl-fe"/>
      </object_component>
      <object_component id="oc-412">
         <name>.text:GPIOIntClear</name>
         <load_address>0x2000cf14</load_address>
         <run_address>0x2000cf14</run_address>
         <size>0x14</size>
         <input_file_ref idref="fl-f5"/>
      </object_component>
      <object_component id="oc-171">
         <name>.text:IntVTableBaseSet</name>
         <load_address>0x2000cf28</load_address>
         <run_address>0x2000cf28</run_address>
         <size>0x14</size>
         <input_file_ref idref="fl-f6"/>
      </object_component>
      <object_component id="oc-1e7">
         <name>.text</name>
         <load_address>0x2000cf3c</load_address>
         <run_address>0x2000cf3c</run_address>
         <size>0x14</size>
         <input_file_ref idref="fl-d5"/>
      </object_component>
      <object_component id="oc-223">
         <name>.text</name>
         <load_address>0x2000cf50</load_address>
         <run_address>0x2000cf50</run_address>
         <size>0x14</size>
         <input_file_ref idref="fl-d1"/>
      </object_component>
      <object_component id="oc-3b2">
         <name>.text:uDMAControlBaseSet</name>
         <load_address>0x2000cf64</load_address>
         <run_address>0x2000cf64</run_address>
         <size>0x14</size>
         <input_file_ref idref="fl-fc"/>
      </object_component>
      <object_component id="oc-39a">
         <name>.text:uDMAIntClear</name>
         <load_address>0x2000cf78</load_address>
         <run_address>0x2000cf78</run_address>
         <size>0x14</size>
         <input_file_ref idref="fl-fc"/>
      </object_component>
      <object_component id="oc-3d0">
         <name>.text:uDMAIntUnregister</name>
         <load_address>0x2000cf8c</load_address>
         <run_address>0x2000cf8c</run_address>
         <size>0x12</size>
         <input_file_ref idref="fl-fc"/>
      </object_component>
      <object_component id="oc-811">
         <name>.text:_SlDrvDispatchHttpServerEvents</name>
         <load_address>0x2000cf9e</load_address>
         <run_address>0x2000cf9e</run_address>
         <size>0x10</size>
         <input_file_ref idref="fl-ee"/>
      </object_component>
      <object_component id="oc-2df">
         <name>.text:_SlDrvResetCmdExt</name>
         <load_address>0x2000cfae</load_address>
         <run_address>0x2000cfae</run_address>
         <size>0xe</size>
         <input_file_ref idref="fl-ee"/>
      </object_component>
      <object_component id="oc-18">
         <name>.text:decompress:none</name>
         <load_address>0x2000cfbc</load_address>
         <run_address>0x2000cfbc</run_address>
         <size>0xe</size>
         <input_file_ref idref="fl-c7"/>
      </object_component>
      <object_component id="oc-2d">
         <name>.text</name>
         <load_address>0x2000cfca</load_address>
         <run_address>0x2000cfca</run_address>
         <size>0xe</size>
         <input_file_ref idref="fl-7"/>
      </object_component>
      <object_component id="oc-503">
         <name>.text:NwpMaskInterrupt</name>
         <load_address>0x2000cfd8</load_address>
         <run_address>0x2000cfd8</run_address>
         <size>0xc</size>
         <input_file_ref idref="fl-f4"/>
      </object_component>
      <object_component id="oc-51d">
         <name>.text:NwpUnMaskInterrupt</name>
         <load_address>0x2000cfe4</load_address>
         <run_address>0x2000cfe4</run_address>
         <size>0xc</size>
         <input_file_ref idref="fl-f4"/>
      </object_component>
      <object_component id="oc-1e">
         <name>.text:decompress:ZI</name>
         <load_address>0x2000cff0</load_address>
         <run_address>0x2000cff0</run_address>
         <size>0xc</size>
         <input_file_ref idref="fl-c8"/>
      </object_component>
      <object_component id="oc-3d6">
         <name>.text:uDMADisable</name>
         <load_address>0x2000cffc</load_address>
         <run_address>0x2000cffc</run_address>
         <size>0xc</size>
         <input_file_ref idref="fl-fc"/>
      </object_component>
      <object_component id="oc-3ac">
         <name>.text:uDMAEnable</name>
         <load_address>0x2000d008</load_address>
         <run_address>0x2000d008</run_address>
         <size>0xc</size>
         <input_file_ref idref="fl-fc"/>
      </object_component>
      <object_component id="oc-394">
         <name>.text:uDMAIntStatus</name>
         <load_address>0x2000d014</load_address>
         <run_address>0x2000d014</run_address>
         <size>0xc</size>
         <input_file_ref idref="fl-fc"/>
      </object_component>
      <object_component id="oc-177">
         <name>.text:IntMasterEnable</name>
         <load_address>0x2000d020</load_address>
         <run_address>0x2000d020</run_address>
         <size>0xa</size>
         <input_file_ref idref="fl-f6"/>
      </object_component>
      <object_component id="oc-725">
         <name>.text</name>
         <load_address>0x2000d02a</load_address>
         <run_address>0x2000d02a</run_address>
         <size>0x8</size>
         <input_file_ref idref="fl-ec"/>
      </object_component>
      <object_component id="oc-1bc">
         <name>.text:UtilsDelay</name>
         <load_address>0x2000d032</load_address>
         <run_address>0x2000d032</run_address>
         <size>0x6</size>
         <input_file_ref idref="fl-fd"/>
      </object_component>
      <object_component id="oc-5f">
         <name>.text</name>
         <load_address>0x2000d038</load_address>
         <run_address>0x2000d038</run_address>
         <size>0x4</size>
         <input_file_ref idref="fl-cf"/>
      </object_component>
      <object_component id="oc-32c">
         <name>.const:.string:_ctypes_</name>
         <load_address>0x2000d03c</load_address>
         <run_address>0x2000d03c</run_address>
         <size>0x101</size>
         <input_file_ref idref="fl-db"/>
      </object_component>
      <object_component id="oc-1cb">
         <name>.const:.string:g_aucButGPIONumReg</name>
         <load_address>0x2000d13d</load_address>
         <run_address>0x2000d13d</run_address>
         <size>0x2</size>
         <input_file_ref idref="fl-4"/>
      </object_component>
      <object_component id="oc-442">
         <name>.const:g_ulPinToPadMap</name>
         <load_address>0x2000d140</load_address>
         <run_address>0x2000d140</run_address>
         <size>0x100</size>
         <input_file_ref idref="fl-f7"/>
      </object_component>
      <object_component id="oc-5e7">
         <name>.const:g_pulRegs</name>
         <load_address>0x2000d240</load_address>
         <run_address>0x2000d240</run_address>
         <size>0xd4</size>
         <input_file_ref idref="fl-f6"/>
      </object_component>
      <object_component id="oc-436">
         <name>.const:PRCM_PeriphRegsList</name>
         <load_address>0x2000d314</load_address>
         <run_address>0x2000d314</run_address>
         <size>0xa8</size>
         <input_file_ref idref="fl-f8"/>
      </object_component>
      <object_component id="oc-767">
         <name>.const:OpcodeTranslateTable</name>
         <load_address>0x2000d3bc</load_address>
         <run_address>0x2000d3bc</run_address>
         <size>0x3c</size>
         <input_file_ref idref="fl-ee"/>
      </object_component>
      <object_component id="oc-7cb">
         <name>.const:_SlActionLookupTable</name>
         <load_address>0x2000d3f8</load_address>
         <run_address>0x2000d3f8</run_address>
         <size>0x38</size>
         <input_file_ref idref="fl-ee"/>
      </object_component>
      <object_component id="oc-127">
         <name>.const:$P$T1$2</name>
         <load_address>0x2000d430</load_address>
         <run_address>0x2000d430</run_address>
         <size>0x2c</size>
         <input_file_ref idref="fl-4"/>
      </object_component>
      <object_component id="oc-786">
         <name>.const:g_ppulSPIIntMap</name>
         <load_address>0x2000d45c</load_address>
         <run_address>0x2000d45c</run_address>
         <size>0x24</size>
         <input_file_ref idref="fl-f9"/>
      </object_component>
      <object_component id="oc-133">
         <name>.const:.string:$P$T0$1</name>
         <load_address>0x2000d480</load_address>
         <run_address>0x2000d480</run_address>
         <size>0x22</size>
         <input_file_ref idref="fl-4"/>
      </object_component>
      <object_component id="oc-1c1">
         <name>.const:.string:g_aucLedGPIONumReg</name>
         <load_address>0x2000d4a2</load_address>
         <run_address>0x2000d4a2</run_address>
         <size>0x2</size>
         <input_file_ref idref="fl-4"/>
      </object_component>
      <object_component id="oc-7ae">
         <name>.const:RxMsgClassLUT</name>
         <load_address>0x2000d4a4</load_address>
         <run_address>0x2000d4a4</run_address>
         <size>0x20</size>
         <input_file_ref idref="fl-ee"/>
      </object_component>
      <object_component id="oc-6bc">
         <name>.const:g_pulDisRegs</name>
         <load_address>0x2000d4c4</load_address>
         <run_address>0x2000d4c4</run_address>
         <size>0x18</size>
         <input_file_ref idref="fl-f6"/>
      </object_component>
      <object_component id="oc-371">
         <name>.const:g_pulEnRegs</name>
         <load_address>0x2000d4dc</load_address>
         <run_address>0x2000d4dc</run_address>
         <size>0x18</size>
         <input_file_ref idref="fl-f6"/>
      </object_component>
      <object_component id="oc-6c7">
         <name>.const:g_pulUnpendRegs</name>
         <load_address>0x2000d4f4</load_address>
         <run_address>0x2000d4f4</run_address>
         <size>0x18</size>
         <input_file_ref idref="fl-f6"/>
      </object_component>
      <object_component id="oc-744">
         <name>.const:g_ulSPIDmaMaskMap</name>
         <load_address>0x2000d50c</load_address>
         <run_address>0x2000d50c</run_address>
         <size>0x18</size>
         <input_file_ref idref="fl-f9"/>
      </object_component>
      <object_component id="oc-7a7">
         <name>.const:$P$T0$1</name>
         <load_address>0x2000d524</load_address>
         <run_address>0x2000d524</run_address>
         <size>0x14</size>
         <input_file_ref idref="fl-ee"/>
      </object_component>
      <object_component id="oc-691">
         <name>.const:$P$T0$1</name>
         <load_address>0x2000d538</load_address>
         <run_address>0x2000d538</run_address>
         <size>0x14</size>
         <input_file_ref idref="fl-f1"/>
      </object_component>
      <object_component id="oc-12a">
         <name>.const:$P$T2$3</name>
         <load_address>0x2000d54c</load_address>
         <run_address>0x2000d54c</run_address>
         <size>0x14</size>
         <input_file_ref idref="fl-4"/>
      </object_component>
      <object_component id="oc-1c4">
         <name>.const:g_aulPRCMArr</name>
         <load_address>0x2000d560</load_address>
         <run_address>0x2000d560</run_address>
         <size>0x14</size>
         <input_file_ref idref="fl-4"/>
      </object_component>
      <object_component id="oc-5ba">
         <name>.const:.string:_SlPayloadByProtocolLUT</name>
         <load_address>0x2000d574</load_address>
         <run_address>0x2000d574</run_address>
         <size>0x10</size>
         <input_file_ref idref="fl-f2"/>
      </object_component>
      <object_component id="oc-18a">
         <name>.const:.string:$P$T4$5</name>
         <load_address>0x2000d584</load_address>
         <run_address>0x2000d584</run_address>
         <size>0xd</size>
         <input_file_ref idref="fl-4"/>
      </object_component>
      <object_component id="oc-18b">
         <name>.const:.string:$P$T5$6</name>
         <load_address>0x2000d591</load_address>
         <run_address>0x2000d591</run_address>
         <size>0xd</size>
         <input_file_ref idref="fl-4"/>
      </object_component>
      <object_component id="oc-146">
         <name>.const:.string:$P$T3$4</name>
         <load_address>0x2000d59e</load_address>
         <run_address>0x2000d59e</run_address>
         <size>0xa</size>
         <input_file_ref idref="fl-4"/>
      </object_component>
      <object_component id="oc-538">
         <name>.const:StartResponseLUT</name>
         <load_address>0x2000d5a8</load_address>
         <run_address>0x2000d5a8</run_address>
         <size>0x8</size>
         <input_file_ref idref="fl-ed"/>
      </object_component>
      <object_component id="oc-7aa">
         <name>.const:g_H2NCnysPattern</name>
         <load_address>0x2000d5b0</load_address>
         <run_address>0x2000d5b0</run_address>
[...]
         <object_component_ref idref="oc-121"/>
      </symbol>
      <symbol id="sm-b83">
         <name>_SlNetAppSendTokenValueCmdCtrl</name>
         <value>0x2000d5dc</value>
         <object_component_ref idref="oc-856"/>
      </symbol>
      <symbol id="sm-b84">
         <name>_sl_HandleAsync_DnsGetHostByName</name>
         <value>0x2000ac9d</value>
         <object_component_ref idref="oc-805"/>
      </symbol>
      <symbol id="sm-b85">
         <name>_sl_HandleAsync_PingResponse</name>
         <value>0x2000ad2d</value>
         <object_component_ref idref="oc-7b7"/>
      </symbol>
      <symbol id="sm-b86">
         <name>_SlDrvNetAppEventHandler</name>
         <value>0x200097d5</value>
         <object_component_ref idref="oc-7b1"/>
      </symbol>
      <symbol id="sm-b87">
         <name>_sl_HandleAsync_DnsGetHostByService</name>
         <value>0x2000a1f1</value>
         <object_component_ref idref="oc-80b"/>
      </symbol>
      <symbol id="sm-b88">
         <name>_sl_NetAppSendTokenValue</name>
         <value>0x2000b869</value>
         <object_component_ref idref="oc-817"/>
      </symbol>
      <symbol id="sm-b89">
         <name>sl_NetAppMDNSRegisterUnregisterService</name>
         <value>0x20009f61</value>
         <object_component_ref idref="oc-30b"/>
      </symbol>
      <symbol id="sm-bab">
         <name>sl_NetCfgSet</name>
         <value>0x2000aa41</value>
         <object_component_ref idref="oc-115"/>
      </symbol>
      <symbol id="sm-bf3">
         <name>_SlNonOsSemSet</name>
         <value>0x2000ce33</value>
         <object_component_ref idref="oc-48a"/>
      </symbol>
      <symbol id="sm-bf4">
         <name>_SlNonOsSpawn</name>
         <value>0x2000b93d</value>
         <object_component_ref idref="oc-545"/>
      </symbol>
      <symbol id="sm-bf5">
         <name>_SlNonOsSemGet</name>
         <value>0x2000a5c5</value>
         <object_component_ref idref="oc-490"/>
      </symbol>
      <symbol id="sm-bf6">
         <name>_SlNonOsMainLoopTask</name>
         <value>0x2000b719</value>
         <object_component_ref idref="oc-eb"/>
      </symbol>
      <symbol id="sm-bf7">
         <name>g__SlNonOsCB</name>
         <value>0x200184a8</value>
         <object_component_ref idref="oc-2af"/>
      </symbol>
      <symbol id="sm-ce0">
         <name>sl_SendTo</name>
         <value>0x200091d9</value>
         <object_component_ref idref="oc-159"/>
      </symbol>
      <symbol id="sm-ce1">
         <name>_sl_HandleAsync_Connect</name>
         <value>0x2000b42d</value>
         <object_component_ref idref="oc-82d"/>
      </symbol>
      <symbol id="sm-ce2">
         <name>sl_Htonl</name>
         <value>0x2000c395</value>
         <object_component_ref idref="oc-14d"/>
      </symbol>
      <symbol id="sm-ce3">
         <name>sl_Htons</name>
         <value>0x2000c5cd</value>
         <object_component_ref idref="oc-147"/>
      </symbol>
      <symbol id="sm-ce4">
         <name>sl_Socket</name>
         <value>0x2000b07d</value>
         <object_component_ref idref="oc-153"/>
      </symbol>
      <symbol id="sm-ce5">
         <name>_sl_HandleAsync_Select</name>
         <value>0x2000be05</value>
         <object_component_ref idref="oc-833"/>
      </symbol>
      <symbol id="sm-ce6">
         <name>sl_RecvFrom</name>
         <value>0x2000931d</value>
         <object_component_ref idref="oc-16b"/>
      </symbol>
      <symbol id="sm-ce7">
         <name>sl_Close</name>
         <value>0x2000bb31</value>
         <object_component_ref idref="oc-15f"/>
      </symbol>
      <symbol id="sm-ce8">
         <name>_sl_HandleAsync_Accept</name>
         <value>0x2000b9a1</value>
         <object_component_ref idref="oc-827"/>
      </symbol>
      <symbol id="sm-ce9">
         <name>sl_Bind</name>
         <value>0x2000a50d</value>
         <object_component_ref idref="oc-165"/>
      </symbol>
      <symbol id="sm-d7a">
         <name>sl_WlanDisconnect</name>
         <value>0x2000c67d</value>
         <object_component_ref idref="oc-10f"/>
      </symbol>
      <symbol id="sm-d7b">
         <name>sl_WlanPolicySet</name>
         <value>0x2000adbd</value>
         <object_component_ref idref="oc-103"/>
      </symbol>
      <symbol id="sm-d7c">
         <name>sl_WlanProfileDel</name>
         <value>0x2000bb91</value>
         <object_component_ref idref="oc-109"/>
      </symbol>
      <symbol id="sm-d7d">
         <name>sl_WlanRxFilterSet</name>
         <value>0x2000b325</value>
         <object_component_ref idref="oc-12d"/>
      </symbol>
      <symbol id="sm-d7e">
         <name>sl_WlanSet</name>
         <value>0x2000aad9</value>
         <object_component_ref idref="oc-11b"/>
      </symbol>
      <symbol id="sm-d7f">
         <name>sl_WlanSetMode</name>
         <value>0x2000bbf1</value>
         <object_component_ref idref="oc-f1"/>
      </symbol>
      <symbol id="sm-e9a">
         <name>g_ucDinDout</name>
         <value>0x20017c00</value>
      </symbol>
      <symbol id="sm-e9b">
         <name>g_cDummy</name>
         <value>0x20017ca2</value>
      </symbol>
      <symbol id="sm-e9c">
         <name>NwpMaskInterrupt</name>
         <value>0x2000cfd9</value>
         <object_component_ref idref="oc-503"/>
      </symbol>
      <symbol id="sm-e9d">
         <name>NwpPrePowerOffTimout0</name>
         <value>0x2000cb15</value>
         <object_component_ref idref="oc-2c4"/>
      </symbol>
      <symbol id="sm-e9e">
         <name>NwpRegisterInterruptHandler</name>
         <value>0x2000c4d9</value>
         <object_component_ref idref="oc-279"/>
      </symbol>
      <symbol id="sm-e9f">
         <name>g_pHostIntHdl</name>
         <value>0x2001854c</value>
         <object_component_ref idref="oc-4dd"/>
      </symbol>
      <symbol id="sm-ea0">
         <name>simplelink_timerA2_start</name>
         <value>0x2000c591</value>
         <object_component_ref idref="oc-797"/>
      </symbol>
      <symbol id="sm-ea1">
         <name>NwpUnMaskInterrupt</name>
         <value>0x2000cfe5</value>
         <object_component_ref idref="oc-51d"/>
      </symbol>
      <symbol id="sm-ea2">
         <name>NwpPowerOff</name>
         <value>0x2000c645</value>
         <object_component_ref idref="oc-273"/>
      </symbol>
      <symbol id="sm-ea3">
         <name>TimerGetCurrentTimestamp</name>
         <value>0x2000cb35</value>
         <object_component_ref idref="oc-73a"/>
      </symbol>
      <symbol id="sm-ea4">
         <name>spi_Read</name>
         <value>0x20009ac5</value>
         <object_component_ref idref="oc-75a"/>
      </symbol>
      <symbol id="sm-ea5">
         <name>DmaSpiSwIntHandler</name>
         <value>0x2000c9dd</value>
         <object_component_ref idref="oc-4e3"/>
      </symbol>
      <symbol id="sm-ea6">
         <name>NwpPowerOn</name>
         <value>0x2000c7e5</value>
         <object_component_ref idref="oc-27f"/>
      </symbol>
      <symbol id="sm-ea7">
         <name>spi_Close</name>
         <value>0x2000b629</value>
         <object_component_ref idref="oc-2ca"/>
      </symbol>
      <symbol id="sm-ea8">
         <name>spi_Write</name>
         <value>0x2000ab71</value>
         <object_component_ref idref="oc-6e1"/>
      </symbol>
      <symbol id="sm-ea9">
         <name>spi_Open</name>
         <value>0x20008f4d</value>
         <object_component_ref idref="oc-267"/>
      </symbol>
      <symbol id="sm-eaa">
         <name>g_ucDMAEnabled</name>
         <value>0x20018550</value>
         <object_component_ref idref="oc-4dd"/>
      </symbol>
      <symbol id="sm-eab">
         <name>g_SpiFd</name>
         <value>0x20018548</value>
         <object_component_ref idref="oc-4dd"/>
      </symbol>
      <symbol id="sm-f01">
         <name>GPIOIntRegister</name>
         <value>0x2000cb95</value>
         <object_component_ref idref="oc-40c"/>
      </symbol>
      <symbol id="sm-f02">
         <name>GPIOIntEnable</name>
         <value>0x2000cced</value>
         <object_component_ref idref="oc-418"/>
      </symbol>
      <symbol id="sm-f03">
         <name>GPIOIntTypeSet</name>
         <value>0x2000b3a9</value>
         <object_component_ref idref="oc-406"/>
      </symbol>
      <symbol id="sm-f04">
         <name>GPIOIntClear</name>
         <value>0x2000cf15</value>
         <object_component_ref idref="oc-412"/>
      </symbol>
      <symbol id="sm-f05">
         <name>GPIOPinRead</name>
         <value>0x2000cda3</value>
         <object_component_ref idref="oc-42a"/>
      </symbol>
      <symbol id="sm-f06">
         <name>GPIODirModeSet</name>
         <value>0x2000c6b5</value>
         <object_component_ref idref="oc-1b6"/>
      </symbol>
      <symbol id="sm-f07">
         <name>GPIOPinWrite</name>
         <value>0x2000cad5</value>
         <object_component_ref idref="oc-41e"/>
      </symbol>
      <symbol id="sm-f93">
         <name>IntPendClear</name>
         <value>0x2000bcad</value>
         <object_component_ref idref="oc-516"/>
      </symbol>
      <symbol id="sm-f94">
         <name>IntPrioritySet</name>
         <value>0x2000bd5d</value>
         <object_component_ref idref="oc-3a0"/>
      </symbol>
      <symbol id="sm-f95">
         <name>IntVTableBaseSet</name>
         <value>0x2000cf29</value>
         <object_component_ref idref="oc-171"/>
      </symbol>
      <symbol id="sm-f96">
         <name>IntEnable</name>
         <value>0x2000a71d</value>
         <object_component_ref idref="oc-17d"/>
      </symbol>
      <symbol id="sm-f97">
         <name>IntDisable</name>
         <value>0x2000a675</value>
         <object_component_ref idref="oc-50a"/>
      </symbol>
      <symbol id="sm-f98">
         <name>IntRegister</name>
         <value>0x2000caf5</value>
         <object_component_ref idref="oc-4cb"/>
      </symbol>
      <symbol id="sm-f99">
         <name>IntUnregister</name>
         <value>0x2000ca01</value>
         <object_component_ref idref="oc-510"/>
      </symbol>
      <symbol id="sm-f9a">
         <name>IntMasterEnable</name>
         <value>0x2000d021</value>
         <object_component_ref idref="oc-177"/>
      </symbol>
      <symbol id="sm-fd1">
         <name>PinTypeUART</name>
         <value>0x2000cd07</value>
         <object_component_ref idref="oc-3ff"/>
      </symbol>
      <symbol id="sm-fd2">
         <name>PinTypeGPIO</name>
         <value>0x2000c755</value>
         <object_component_ref idref="oc-1aa"/>
      </symbol>
      <symbol id="sm-fd3">
         <name>PinConfigSet</name>
         <value>0x2000b109</value>
         <object_component_ref idref="oc-1b0"/>
      </symbol>
      <symbol id="sm-fd4">
         <name>PinModeSet</name>
         <value>0x2000c3d9</value>
         <object_component_ref idref="oc-43b"/>
      </symbol>
      <symbol id="sm-1067">
         <name>PRCMPeripheralReset</name>
         <value>0x2000bd05</value>
         <object_component_ref idref="oc-387"/>
      </symbol>
      <symbol id="sm-1068">
         <name>PRCMPeripheralClkEnable</name>
         <value>0x2000c555</value>
         <object_component_ref idref="oc-1a4"/>
      </symbol>
      <symbol id="sm-1069">
         <name>PRCMPeripheralClockGet</name>
         <value>0x2000ac09</value>
         <object_component_ref idref="oc-1ff"/>
      </symbol>
      <symbol id="sm-106a">
         <name>PRCMCC3200MCUInit</name>
         <value>0x20008b15</value>
         <object_component_ref idref="oc-183"/>
      </symbol>
      <symbol id="sm-106b">
         <name>PRCMHIBRegWrite</name>
         <value>0x2000ce93</value>
         <object_component_ref idref="oc-381"/>
      </symbol>
      <symbol id="sm-106c">
         <name>PRCMSysResetCauseGet</name>
         <value>0x2000c811</value>
         <object_component_ref idref="oc-375"/>
      </symbol>
      <symbol id="sm-106d">
         <name>PRCMPeripheralStatusGet</name>
         <value>0x2000c6ed</value>
         <object_component_ref idref="oc-19e"/>
      </symbol>
      <symbol id="sm-106e">
         <name>PRCMPeripheralClkDisable</name>
         <value>0x2000c915</value>
         <object_component_ref idref="oc-38d"/>
      </symbol>
      <symbol id="sm-106f">
         <name>PRCMHIBRegRead</name>
         <value>0x2000ce7d</value>
         <object_component_ref idref="oc-37b"/>
      </symbol>
      <symbol id="sm-112a">
         <name>SPIFIFODisable</name>
         <value>0x2000cd55</value>
         <object_component_ref idref="oc-57c"/>
      </symbol>
      <symbol id="sm-112b">
         <name>SPICSEnable</name>
         <value>0x2000cdd3</value>
         <object_component_ref idref="oc-771"/>
      </symbol>
      <symbol id="sm-112c">
         <name>SPIDisable</name>
         <value>0x2000cdeb</value>
         <object_component_ref idref="oc-4a1"/>
      </symbol>
      <symbol id="sm-112d">
         <name>SPIFIFOEnable</name>
         <value>0x2000cd6f</value>
         <object_component_ref idref="oc-4b9"/>
      </symbol>
      <symbol id="sm-112e">
         <name>SPIWordCountSet</name>
         <value>0x2000cab3</value>
         <object_component_ref idref="oc-777"/>
      </symbol>
      <symbol id="sm-112f">
         <name>SPIEnable</name>
         <value>0x2000ce03</value>
         <object_component_ref idref="oc-4d7"/>
      </symbol>
      <symbol id="sm-1130">
         <name>SPIDmaEnable</name>
         <value>0x2000cd3b</value>
         <object_component_ref idref="oc-4bf"/>
      </symbol>
      <symbol id="sm-1131">
         <name>SPIConfigSetExpClk</name>
         <value>0x2000a869</value>
         <object_component_ref idref="oc-4ad"/>
      </symbol>
      <symbol id="sm-1132">
         <name>SPIIntUnregister</name>
         <value>0x2000cd89</value>
         <object_component_ref idref="oc-576"/>
      </symbol>
      <symbol id="sm-1133">
         <name>SPIFIFOLevelSet</name>
         <value>0x2000c721</value>
         <object_component_ref idref="oc-4c5"/>
      </symbol>
      <symbol id="sm-1134">
         <name>SPIDmaDisable</name>
         <value>0x2000cd21</value>
         <object_component_ref idref="oc-582"/>
      </symbol>
      <symbol id="sm-1135">
         <name>SPIReset</name>
         <value>0x2000ca91</value>
         <object_component_ref idref="oc-4a7"/>
      </symbol>
      <symbol id="sm-1136">
         <name>SPIIntEnable</name>
         <value>0x2000bf51</value>
         <object_component_ref idref="oc-4d1"/>
      </symbol>
      <symbol id="sm-1137">
         <name>SPIIntClear</name>
         <value>0x2000c1ad</value>
         <object_component_ref idref="oc-6b1"/>
      </symbol>
      <symbol id="sm-1138">
         <name>SPICSDisable</name>
         <value>0x2000cdbb</value>
         <object_component_ref idref="oc-49b"/>
      </symbol>
      <symbol id="sm-116b">
         <name>TimerLoadSet</name>
         <value>0x2000c895</value>
         <object_component_ref idref="oc-7e9"/>
      </symbol>
      <symbol id="sm-116c">
         <name>TimerEnable</name>
         <value>0x2000cbb3</value>
         <object_component_ref idref="oc-7ef"/>
      </symbol>
      <symbol id="sm-116d">
         <name>TimerValueGet</name>
         <value>0x2000cc0d</value>
         <object_component_ref idref="oc-79d"/>
      </symbol>
      <symbol id="sm-116e">
         <name>TimerPrescaleSet</name>
         <value>0x2000c8bf</value>
         <object_component_ref idref="oc-7e3"/>
      </symbol>
      <symbol id="sm-116f">
         <name>TimerConfigure</name>
         <value>0x2000c2c9</value>
         <object_component_ref idref="oc-7dd"/>
      </symbol>
      <symbol id="sm-11b4">
         <name>UARTConfigSetExpClk</name>
         <value>0x2000b6a1</value>
         <object_component_ref idref="oc-205"/>
      </symbol>
      <symbol id="sm-11b5">
         <name>UARTDisable</name>
         <value>0x2000c785</value>
         <object_component_ref idref="oc-456"/>
      </symbol>
      <symbol id="sm-11b6">
         <name>UARTCharsAvail</name>
         <value>0x2000ce1b</value>
         <object_component_ref idref="oc-217"/>
      </symbol>
      <symbol id="sm-11b7">
         <name>UARTCharGetNonBlocking</name>
         <value>0x2000cc29</value>
         <object_component_ref idref="oc-21d"/>
      </symbol>
      <symbol id="sm-11b8">
         <name>UARTCharPut</name>
         <value>0x2000cbd1</value>
         <object_component_ref idref="oc-20b"/>
      </symbol>
      <symbol id="sm-11b9">
         <name>UARTEnable</name>
         <value>0x2000ca25</value>
         <object_component_ref idref="oc-45c"/>
      </symbol>
      <symbol id="sm-11ba">
         <name>UARTCharGet</name>
         <value>0x2000cea9</value>
         <object_component_ref idref="oc-140"/>
      </symbol>
      <symbol id="sm-1267">
         <name>uDMAChannelControlSet</name>
         <value>0x2000c609</value>
         <object_component_ref idref="oc-3dc"/>
      </symbol>
      <symbol id="sm-1268">
         <name>uDMAIntClear</name>
         <value>0x2000cf79</value>
         <object_component_ref idref="oc-39a"/>
      </symbol>
      <symbol id="sm-1269">
         <name>uDMAChannelDisable</name>
         <value>0x2000cc99</value>
         <object_component_ref idref="oc-3ca"/>
      </symbol>
      <symbol id="sm-126a">
         <name>uDMAIntUnregister</name>
         <value>0x2000cf8d</value>
         <object_component_ref idref="oc-3d0"/>
      </symbol>
      <symbol id="sm-126b">
         <name>uDMAChannelAttributeEnable</name>
         <value>0x2000bacd</value>
         <object_component_ref idref="oc-3e2"/>
      </symbol>
      <symbol id="sm-126c">
         <name>uDMADisable</name>
         <value>0x2000cffd</value>
         <object_component_ref idref="oc-3d6"/>
      </symbol>
      <symbol id="sm-126d">
         <name>uDMAChannelTransferSet</name>
         <value>0x20009bb5</value>
         <object_component_ref idref="oc-3e8"/>
      </symbol>
      <symbol id="sm-126e">
         <name>uDMAIntStatus</name>
         <value>0x2000d015</value>
         <object_component_ref idref="oc-394"/>
      </symbol>
      <symbol id="sm-126f">
         <name>uDMAChannelAssign</name>
         <value>0x2000c119</value>
         <object_component_ref idref="oc-3b8"/>
      </symbol>
      <symbol id="sm-1270">
         <name>uDMAIntRegister</name>
         <value>0x2000ceeb</value>
         <object_component_ref idref="oc-3a6"/>
      </symbol>
      <symbol id="sm-1271">
         <name>uDMAEnable</name>
         <value>0x2000d009</value>
         <object_component_ref idref="oc-3ac"/>
      </symbol>
      <symbol id="sm-1272">
         <name>uDMAControlBaseSet</name>
         <value>0x2000cf65</value>
         <object_component_ref idref="oc-3b2"/>
      </symbol>
      <symbol id="sm-1273">
         <name>uDMAChannelAttributeDisable</name>
         <value>0x2000ba69</value>
         <object_component_ref idref="oc-3be"/>
      </symbol>
      <symbol id="sm-1274">
         <name>uDMAChannelEnable</name>
         <value>0x2000ccb5</value>
         <object_component_ref idref="oc-3ee"/>
      </symbol>
      <symbol id="sm-1275">
         <name>uDMAChannelRequest</name>
         <value>0x2000ccd1</value>
         <object_component_ref idref="oc-3c4"/>
      </symbol>
      <symbol id="sm-1279">
         <name>UtilsDelay</name>
         <value>0x2000d033</value>
         <object_component_ref idref="oc-1bc"/>
      </symbol>
      <symbol id="sm-1283">
         <name>CPUcpsie</name>
         <value>0x2000cf01</value>
         <object_component_ref idref="oc-36a"/>
      </symbol>
      <symbol id="sm-1285">
         <name>__TI_static_base__</name>
         <value>0x2000d610</value>
      </symbol>
      <symbol id="sm-1288">
         <name>SHT$$INIT_ARRAY$$Limit</name>
         <value>0x0</value>
      </symbol>
      <symbol id="sm-1289">
         <name>SHT$$INIT_ARRAY$$Base</name>
         <value>0x0</value>
      </symbol>
   </symbol_table>
   <title>Link successful</title>
</link_info>
